Archive member included to satisfy reference by file (symbol)

../libdaisy/build/libdaisy.a(daisy_patch.o)
                              build/main.o (daisy::DaisyPatch::StartAudio(void (*)(float**, float**, unsigned int)))
../libdaisy/build/libdaisy.a(daisy_seed.o)
                              ../libdaisy/build/libdaisy.a(daisy_patch.o) (daisy::DaisySeed::Configure())
../libdaisy/build/libdaisy.a(codec_ak4556.o)
                              ../libdaisy/build/libdaisy.a(daisy_patch.o) (daisy::Ak4556::Init(dsy_gpio_pin))
../libdaisy/build/libdaisy.a(sdram.o)
                              ../libdaisy/build/libdaisy.a(daisy_seed.o) (dsy_sdram_init)
../libdaisy/build/libdaisy.a(audio.o)
                              ../libdaisy/build/libdaisy.a(daisy_seed.o) (daisy::AudioHandle::Init(daisy::AudioHandle::Config const&, daisy::SaiHandle))
../libdaisy/build/libdaisy.a(ctrl.o)
                              ../libdaisy/build/libdaisy.a(daisy_patch.o) (daisy::AnalogControl::Init(unsigned short*, float, bool, bool, float))
../libdaisy/build/libdaisy.a(encoder.o)
                              ../libdaisy/build/libdaisy.a(daisy_patch.o) (daisy::Encoder::Init(dsy_gpio_pin, dsy_gpio_pin, dsy_gpio_pin, float))
../libdaisy/build/libdaisy.a(gatein.o)
                              ../libdaisy/build/libdaisy.a(daisy_patch.o) (daisy::GateIn::Init(dsy_gpio_pin*))
../libdaisy/build/libdaisy.a(midi.o)
                              build/main.o (daisy::MidiHandler::Init(daisy::MidiHandler::MidiInputMode, daisy::MidiHandler::MidiOutputMode))
../libdaisy/build/libdaisy.a(oled_display.o)
                              build/main.o (daisy::OledDisplay::Fill(bool))
../libdaisy/build/libdaisy.a(switch.o)
                              ../libdaisy/build/libdaisy.a(encoder.o) (daisy::Switch::Init(dsy_gpio_pin, float))
../libdaisy/build/libdaisy.a(adc.o)
                              ../libdaisy/build/libdaisy.a(daisy_patch.o) (daisy::AdcChannelConfig::InitSingle(dsy_gpio_pin))
../libdaisy/build/libdaisy.a(dac.o)
                              ../libdaisy/build/libdaisy.a(daisy_patch.o) (daisy::DacHandle::Init(daisy::DacHandle::Config const&))
../libdaisy/build/libdaisy.a(gpio.o)
                              ../libdaisy/build/libdaisy.a(daisy_patch.o) (dsy_gpio_init)
../libdaisy/build/libdaisy.a(qspi.o)
                              ../libdaisy/build/libdaisy.a(daisy_seed.o) (dsy_qspi_init)
../libdaisy/build/libdaisy.a(sai.o)
                              ../libdaisy/build/libdaisy.a(daisy_patch.o) (daisy::SaiHandle::Init(daisy::SaiHandle::Config const&))
../libdaisy/build/libdaisy.a(spi.o)
                              ../libdaisy/build/libdaisy.a(oled_display.o) (daisy::SpiHandle::Init())
../libdaisy/build/libdaisy.a(uart.o)
                              ../libdaisy/build/libdaisy.a(midi.o) (daisy::UartHandler::Init())
../libdaisy/build/libdaisy.a(system.o)
                              build/main.o (daisy::System::GetNow())
../libdaisy/build/libdaisy.a(system_stm32h7xx.o)
                              build/startup_stm32h750xx.o (SystemInit)
../libdaisy/build/libdaisy.a(hal_map.o)
                              ../libdaisy/build/libdaisy.a(sdram.o) (dsy_hal_map_get_port)
../libdaisy/build/libdaisy.a(oled_fonts.o)
                              build/main.o (Font_6x8)
../libdaisy/build/libdaisy.a(stm32h7xx_hal.o)
                              ../libdaisy/build/libdaisy.a(system.o) (HAL_Init)
../libdaisy/build/libdaisy.a(stm32h7xx_hal_adc.o)
                              ../libdaisy/build/libdaisy.a(adc.o) (HAL_ADC_ConfigChannel)
../libdaisy/build/libdaisy.a(stm32h7xx_hal_adc_ex.o)
                              ../libdaisy/build/libdaisy.a(adc.o) (HAL_ADCEx_Calibration_Start)
../libdaisy/build/libdaisy.a(stm32h7xx_hal_cortex.o)
                              ../libdaisy/build/libdaisy.a(stm32h7xx_hal.o) (HAL_NVIC_SetPriorityGrouping)
../libdaisy/build/libdaisy.a(stm32h7xx_hal_dac.o)
                              ../libdaisy/build/libdaisy.a(dac.o) (HAL_DAC_Init)
../libdaisy/build/libdaisy.a(stm32h7xx_hal_dac_ex.o)
                              ../libdaisy/build/libdaisy.a(stm32h7xx_hal_dac.o) (HAL_DACEx_DMAUnderrunCallbackCh2)
../libdaisy/build/libdaisy.a(stm32h7xx_hal_dma.o)
                              ../libdaisy/build/libdaisy.a(adc.o) (HAL_DMA_Init)
../libdaisy/build/libdaisy.a(stm32h7xx_hal_gpio.o)
                              ../libdaisy/build/libdaisy.a(sdram.o) (HAL_GPIO_Init)
../libdaisy/build/libdaisy.a(stm32h7xx_hal_pwr_ex.o)
                              ../libdaisy/build/libdaisy.a(system.o) (HAL_PWREx_ConfigSupply)
../libdaisy/build/libdaisy.a(stm32h7xx_hal_qspi.o)
                              ../libdaisy/build/libdaisy.a(qspi.o) (HAL_QSPI_Init)
../libdaisy/build/libdaisy.a(stm32h7xx_hal_rcc.o)
                              ../libdaisy/build/libdaisy.a(system.o) (HAL_RCC_OscConfig)
../libdaisy/build/libdaisy.a(stm32h7xx_hal_rcc_ex.o)
[...]
Memory Configuration

Name             Origin             Length             Attributes
FLASH            0x0000000008000000 0x0000000000020000 xr
DTCMRAM          0x0000000020000000 0x0000000000020000 xrw
SRAM             0x0000000024000000 0x0000000000080000 xrw
RAM_D2           0x0000000030000000 0x0000000000048000 xrw
RAM_D3           0x0000000038000000 0x0000000000010000 xrw
ITCMRAM          0x0000000000000000 0x0000000000010000 xrw
SDRAM            0x00000000c0000000 0x0000000004000000 xrw
QSPIFLASH        0x0000000090000000 0x0000000000800000 xr
*default*        0x0000000000000000 0xffffffffffffffff

Linker script and memory map

LOAD /usr/local/Caskroom/gcc-arm-embedded/10-2020-q4-major/gcc-arm-none-eabi-10-2020-q4-major/bin/../lib/gcc/arm-none-eabi/10.2.1/thumb/v7e-m+dp/hard/crti.o
LOAD /usr/local/Caskroom/gcc-arm-embedded/10-2020-q4-major/gcc-arm-none-eabi-10-2020-q4-major/bin/../lib/gcc/arm-none-eabi/10.2.1/thumb/v7e-m+dp/hard/crtbegin.o
LOAD /usr/local/Caskroom/gcc-arm-embedded/10-2020-q4-major/gcc-arm-none-eabi-10-2020-q4-major/bin/../lib/gcc/arm-none-eabi/10.2.1/../../../../arm-none-eabi/lib/thumb/v7e-m+dp/hard/crt0.o
LOAD build/startup_stm32h750xx.o
LOAD build/diskio.o
LOAD build/ff.o
LOAD build/ff_gen_drv.o
LOAD build/ccsbcs.o
LOAD build/main.o
LOAD ../libdaisy/build/libdaisy.a
LOAD /usr/local/Caskroom/gcc-arm-embedded/10-2020-q4-major/gcc-arm-none-eabi-10-2020-q4-major/bin/../lib/gcc/arm-none-eabi/10.2.1/../../../../arm-none-eabi/lib/thumb/v7e-m+dp/hard/libnosys.a
LOAD ../DaisySP/build/libdaisysp.a
LOAD /usr/local/Caskroom/gcc-arm-embedded/10-2020-q4-major/gcc-arm-none-eabi-10-2020-q4-major/bin/../lib/gcc/arm-none-eabi/10.2.1/../../../../arm-none-eabi/lib/thumb/v7e-m+dp/hard/libstdc++_nano.a
LOAD /usr/local/Caskroom/gcc-arm-embedded/10-2020-q4-major/gcc-arm-none-eabi-10-2020-q4-major/bin/../lib/gcc/arm-none-eabi/10.2.1/../../../../arm-none-eabi/lib/thumb/v7e-m+dp/hard/libm.a
LOAD /usr/local/Caskroom/gcc-arm-embedded/10-2020-q4-major/gcc-arm-none-eabi-10-2020-q4-major/bin/../lib/gcc/arm-none-eabi/10.2.1/../../../../arm-none-eabi/lib/thumb/v7e-m+dp/hard/libc_nano.a
START GROUP
LOAD /usr/local/Caskroom/gcc-arm-embedded/10-2020-q4-major/gcc-arm-none-eabi-10-2020-q4-major/bin/../lib/gcc/arm-none-eabi/10.2.1/thumb/v7e-m+dp/hard/libgcc.a
LOAD /usr/local/Caskroom/gcc-arm-embedded/10-2020-q4-major/gcc-arm-none-eabi-10-2020-q4-major/bin/../lib/gcc/arm-none-eabi/10.2.1/../../../../arm-none-eabi/lib/thumb/v7e-m+dp/hard/libc_nano.a
END GROUP
START GROUP
LOAD /usr/local/Caskroom/gcc-arm-embedded/10-2020-q4-major/gcc-arm-none-eabi-10-2020-q4-major/bin/../lib/gcc/arm-none-eabi/10.2.1/thumb/v7e-m+dp/hard/libgcc.a
LOAD /usr/local/Caskroom/gcc-arm-embedded/10-2020-q4-major/gcc-arm-none-eabi-10-2020-q4-major/bin/../lib/gcc/arm-none-eabi/10.2.1/../../../../arm-none-eabi/lib/thumb/v7e-m+dp/hard/libc_nano.a
LOAD /usr/local/Caskroom/gcc-arm-embedded/10-2020-q4-major/gcc-arm-none-eabi-10-2020-q4-major/bin/../lib/gcc/arm-none-eabi/10.2.1/../../../../arm-none-eabi/lib/thumb/v7e-m+dp/hard/libnosys.a
END GROUP
START GROUP
LOAD /usr/local/Caskroom/gcc-arm-embedded/10-2020-q4-major/gcc-arm-none-eabi-10-2020-q4-major/bin/../lib/gcc/arm-none-eabi/10.2.1/thumb/v7e-m+dp/hard/libgcc.a
LOAD /usr/local/Caskroom/gcc-arm-embedded/10-2020-q4-major/gcc-arm-none-eabi-10-2020-q4-major/bin/../lib/gcc/arm-none-eabi/10.2.1/../../../../arm-none-eabi/lib/thumb/v7e-m+dp/hard/libc_nano.a
LOAD /usr/local/Caskroom/gcc-arm-embedded/10-2020-q4-major/gcc-arm-none-eabi-10-2020-q4-major/bin/../lib/gcc/arm-none-eabi/10.2.1/../../../../arm-none-eabi/lib/thumb/v7e-m+dp/hard/libnosys.a
END GROUP
LOAD /usr/local/Caskroom/gcc-arm-embedded/10-2020-q4-major/gcc-arm-none-eabi-10-2020-q4-major/bin/../lib/gcc/arm-none-eabi/10.2.1/thumb/v7e-m+dp/hard/crtend.o
LOAD /usr/local/Caskroom/gcc-arm-embedded/10-2020-q4-major/gcc-arm-none-eabi-10-2020-q4-major/bin/../lib/gcc/arm-none-eabi/10.2.1/thumb/v7e-m+dp/hard/crtn.o
                0x0000000020020000                _estack = 0x20020000

.isr_vector     0x0000000008000000      0x298
                0x0000000008000000                . = ALIGN (0x4)
 *(.isr_vector)
 .isr_vector    0x0000000008000000      0x298 build/startup_stm32h750xx.o
                0x0000000008000000                g_pfnVectors
                0x0000000008000298                . = ALIGN (0x4)

.text           0x0000000008000298    0x1acb8
                0x0000000008000298                . = ALIGN (0x4)
                0x0000000008000298                _stext = .
 *(.text)
 .text          0x0000000008000298       0x40 /usr/local/Caskroom/gcc-arm-embedded/10-2020-q4-major/gcc-arm-none-eabi-10-2020-q4-major/bin/../lib/gcc/arm-none-eabi/10.2.1/thumb/v7e-m+dp/hard/crtbegin.o
 .text          0x00000000080002d8       0x14 /usr/local/Caskroom/gcc-arm-embedded/10-2020-q4-major/gcc-arm-none-eabi-10-2020-q4-major/bin/../lib/gcc/arm-none-eabi/10.2.1/../../../../arm-none-eabi/lib/thumb/v7e-m+dp/hard/libc_nano.a(lib_a-strcmp.o)
                0x00000000080002d8                strcmp
 .text          0x00000000080002ec       0x10 /usr/local/Caskroom/gcc-arm-embedded/10-2020-q4-major/gcc-arm-none-eabi-10-2020-q4-major/bin/../lib/gcc/arm-none-eabi/10.2.1/../../../../arm-none-eabi/lib/thumb/v7e-m+dp/hard/libc_nano.a(lib_a-strlen.o)
                0x00000000080002ec                strlen
 .text          0x00000000080002fc      0x378 /usr/local/Caskroom/gcc-arm-embedded/10-2020-q4-major/gcc-arm-none-eabi-10-2020-q4-major/bin/../lib/gcc/arm-none-eabi/10.2.1/thumb/v7e-m+dp/hard/libgcc.a(_arm_addsubdf3.o)
                0x00000000080002fc                __aeabi_drsub
                0x0000000008000304                __subdf3
                0x0000000008000304                __aeabi_dsub
                0x0000000008000308                __aeabi_dadd
                0x0000000008000308                __adddf3
                0x0000000008000580                __aeabi_ui2d
                0x0000000008000580                __floatunsidf
                0x00000000080005a0                __floatsidf
                0x00000000080005a0                __aeabi_i2d
                0x00000000080005c4                __extendsfdf2
                0x00000000080005c4                __aeabi_f2d
                0x0000000008000608                __aeabi_ul2d
                0x0000000008000608                __floatundidf
                0x0000000008000618                __aeabi_l2d
                0x0000000008000618                __floatdidf
 .text          0x0000000008000674       0x30 /usr/local/Caskroom/gcc-arm-embedded/10-2020-q4-major/gcc-arm-none-eabi-10-2020-q4-major/bin/../lib/gcc/arm-none-eabi/10.2.1/thumb/v7e-m+dp/hard/libgcc.a(_aeabi_uldivmod.o)
                0x0000000008000674                __aeabi_uldivmod
 .text          0x00000000080006a4      0x2d0 /usr/local/Caskroom/gcc-arm-embedded/10-2020-q4-major/gcc-arm-none-eabi-10-2020-q4-major/bin/../lib/gcc/arm-none-eabi/10.2.1/thumb/v7e-m+dp/hard/libgcc.a(_udivmoddi4.o)
                0x00000000080006a4                __udivmoddi4
 .text          0x0000000008000974        0x4 /usr/local/Caskroom/gcc-arm-embedded/10-2020-q4-major/gcc-arm-none-eabi-10-2020-q4-major/bin/../lib/gcc/arm-none-eabi/10.2.1/thumb/v7e-m+dp/hard/libgcc.a(_dvmd_tls.o)
                0x0000000008000974                __aeabi_ldiv0
                0x0000000008000974                __aeabi_idiv0
 *(.text*)
 .text.Default_Handler
                0x0000000008000978        0x4 build/startup_stm32h750xx.o
                0x0000000008000978                SAI1_IRQHandler
                0x0000000008000978                HASH_RNG_IRQHandler
                0x0000000008000978                EXTI2_IRQHandler
                0x0000000008000978                TIM8_CC_IRQHandler
                0x0000000008000978                HRTIM1_Master_IRQHandler
                0x0000000008000978                DebugMon_Handler
                0x0000000008000978                UART8_IRQHandler
                0x0000000008000978                SPI4_IRQHandler
                0x0000000008000978                TIM1_CC_IRQHandler
                0x0000000008000978                BDMA_Channel6_IRQHandler
                0x0000000008000978                DMA2_Stream5_IRQHandler
                0x0000000008000978                HRTIM1_FLT_IRQHandler
                0x0000000008000978                JPEG_IRQHandler
                0x0000000008000978                BDMA_Channel1_IRQHandler
                0x0000000008000978                HRTIM1_TIMD_IRQHandler
                0x0000000008000978                TAMP_STAMP_IRQHandler
                0x0000000008000978                PendSV_Handler
                0x0000000008000978                NMI_Handler
                0x0000000008000978                EXTI3_IRQHandler
                0x0000000008000978                LPTIM4_IRQHandler
                0x0000000008000978                TIM8_TRG_COM_TIM14_IRQHandler
                0x0000000008000978                LPTIM2_IRQHandler
                0x0000000008000978                DFSDM1_FLT1_IRQHandler
                0x0000000008000978                DMAMUX2_OVR_IRQHandler
                0x0000000008000978                TIM8_UP_TIM13_IRQHandler
                0x0000000008000978                I2C3_ER_IRQHandler
                0x0000000008000978                DFSDM1_FLT2_IRQHandler
                0x0000000008000978                MDMA_IRQHandler
                0x0000000008000978                LPTIM3_IRQHandler
                0x0000000008000978                HSEM1_IRQHandler
                0x0000000008000978                EXTI0_IRQHandler
                0x0000000008000978                FPU_IRQHandler
                0x0000000008000978                OTG_HS_WKUP_IRQHandler
                0x0000000008000978                FDCAN1_IT1_IRQHandler
                0x0000000008000978                UsageFault_Handler
                0x0000000008000978                LTDC_ER_IRQHandler
                0x0000000008000978                DMA2_Stream2_IRQHandler
                0x0000000008000978                HRTIM1_TIME_IRQHandler
                0x0000000008000978                SPI1_IRQHandler
                0x0000000008000978                DCMI_IRQHandler
                0x0000000008000978                HRTIM1_TIMC_IRQHandler
                0x0000000008000978                DMA2_Stream3_IRQHandler
                0x0000000008000978                SAI2_IRQHandler
                0x0000000008000978                DFSDM1_FLT3_IRQHandler
                0x0000000008000978                USART6_IRQHandler
                0x0000000008000978                TIM17_IRQHandler
                0x0000000008000978                USART3_IRQHandler
                0x0000000008000978                CRYP_IRQHandler
                0x0000000008000978                BDMA_Channel7_IRQHandler
                0x0000000008000978                LPTIM5_IRQHandler
                0x0000000008000978                UART5_IRQHandler
                0x0000000008000978                ADC3_IRQHandler
                0x0000000008000978                TIM4_IRQHandler
                0x0000000008000978                BDMA_Channel2_IRQHandler
                0x0000000008000978                DMAMUX1_OVR_IRQHandler
                0x0000000008000978                TIM16_IRQHandler
                0x0000000008000978                UART4_IRQHandler
                0x0000000008000978                BDMA_Channel5_IRQHandler
                0x0000000008000978                TIM3_IRQHandler
                0x0000000008000978                RCC_IRQHandler
                0x0000000008000978                TIM8_BRK_TIM12_IRQHandler
                0x0000000008000978                TIM1_TRG_COM_IRQHandler
                0x0000000008000978                Default_Handler
                0x0000000008000978                ECC_IRQHandler
                0x0000000008000978                CEC_IRQHandler
                0x0000000008000978                EXTI15_10_IRQHandler
                0x0000000008000978                BDMA_Channel0_IRQHandler
                0x0000000008000978                ADC_IRQHandler
                0x0000000008000978                DMA1_Stream7_IRQHandler
                0x0000000008000978                HRTIM1_TIMA_IRQHandler
                0x0000000008000978                SPI5_IRQHandler
                0x0000000008000978                TIM7_IRQHandler
                0x0000000008000978                SDMMC1_IRQHandler
                0x0000000008000978                TIM5_IRQHandler
                0x0000000008000978                DMA2_Stream7_IRQHandler
                0x0000000008000978                TIM15_IRQHandler
                0x0000000008000978                PVD_AVD_IRQHandler
                0x0000000008000978                EXTI9_5_IRQHandler
                0x0000000008000978                RTC_WKUP_IRQHandler
                0x0000000008000978                LTDC_IRQHandler
                0x0000000008000978                SAI3_IRQHandler
                0x0000000008000978                ETH_WKUP_IRQHandler
                0x0000000008000978                SPDIF_RX_IRQHandler
                0x0000000008000978                SPI2_IRQHandler
                0x0000000008000978                OTG_HS_EP1_IN_IRQHandler
                0x0000000008000978                MemManage_Handler
                0x0000000008000978                SVC_Handler
                0x0000000008000978                CRS_IRQHandler
                0x0000000008000978                EXTI4_IRQHandler
                0x0000000008000978                HRTIM1_TIMB_IRQHandler
                0x0000000008000978                FDCAN2_IT1_IRQHandler
                0x0000000008000978                ETH_IRQHandler
                0x0000000008000978                TIM1_UP_IRQHandler
                0x0000000008000978                BDMA_Channel4_IRQHandler
                0x0000000008000978                OTG_HS_EP1_OUT_IRQHandler
                0x0000000008000978                WWDG_IRQHandler
                0x0000000008000978                SPI6_IRQHandler
                0x0000000008000978                I2C4_EV_IRQHandler
                0x0000000008000978                MDIOS_IRQHandler
                0x0000000008000978                FDCAN2_IT0_IRQHandler
                0x0000000008000978                LPUART1_IRQHandler
                0x0000000008000978                FDCAN1_IT0_IRQHandler
                0x0000000008000978                TIM2_IRQHandler
                0x0000000008000978                OTG_FS_WKUP_IRQHandler
                0x0000000008000978                OTG_HS_IRQHandler
                0x0000000008000978                DMA2D_IRQHandler
                0x0000000008000978                TIM1_BRK_IRQHandler
                0x0000000008000978                EXTI1_IRQHandler
                0x0000000008000978                SDMMC2_IRQHandler
                0x0000000008000978                OTG_FS_EP1_OUT_IRQHandler
                0x0000000008000978                BDMA_Channel3_IRQHandler
                0x0000000008000978                UART7_IRQHandler
                0x0000000008000978                MDIOS_WKUP_IRQHandler
                0x0000000008000978                USART2_IRQHandler
                0x0000000008000978                DFSDM1_FLT0_IRQHandler
                0x0000000008000978                SAI4_IRQHandler
                0x0000000008000978                I2C2_ER_IRQHandler
                0x0000000008000978                FLASH_IRQHandler
                0x0000000008000978                DMA2_Stream4_IRQHandler
                0x0000000008000978                BusFault_Handler
                0x0000000008000978                OTG_FS_IRQHandler
                0x0000000008000978                SPI3_IRQHandler
                0x0000000008000978                WAKEUP_PIN_IRQHandler
                0x0000000008000978                OTG_FS_EP1_IN_IRQHandler
                0x0000000008000978                I2C1_ER_IRQHandler
                0x0000000008000978                FMC_IRQHandler
                0x0000000008000978                FDCAN_CAL_IRQHandler
                0x0000000008000978                SWPMI1_IRQHandler
                0x0000000008000978                COMP1_IRQHandler
                0x0000000008000978                LPTIM1_IRQHandler
                0x0000000008000978                I2C4_ER_IRQHandler
                0x0000000008000978                DMA2_Stream6_IRQHandler
                0x0000000008000978                RTC_Alarm_IRQHandler
 .text.Reset_Handler
                0x000000000800097c       0x44 build/startup_stm32h750xx.o
                0x000000000800097c                Reset_Handler
 .text._ZN5daisy11MidiHandlerD2Ev
                0x00000000080009c0        0x4 build/main.o
                0x00000000080009c0                daisy::MidiHandler::~MidiHandler()
                0x00000000080009c0                daisy::MidiHandler::~MidiHandler()
 .text._Z21ModulationSourceEnterP10ScreenNode
                0x00000000080009c4       0x10 build/main.o
                0x00000000080009c4                ModulationSourceEnter(ScreenNode*)
 .text._Z20ModulationSourceBackP10ScreenNode
                0x00000000080009d4       0x10 build/main.o
                0x00000000080009d4                ModulationSourceBack(ScreenNode*)
 .text._Z26ModulationDestinationEnterP10ScreenNode
                0x00000000080009e4       0x10 build/main.o
                0x00000000080009e4                ModulationDestinationEnter(ScreenNode*)
 .text._Z25ModulationDestinationBackP10ScreenNode
                0x00000000080009f4       0x10 build/main.o
                0x00000000080009f4                ModulationDestinationBack(ScreenNode*)
 .text._ZN3LFO6UpdateEv
                0x0000000008000a04        0x4 build/main.o
                0x0000000008000a04                LFO::Update()
                0x0000000008000a04                MonoEngine::End()
 .text._ZN7GlobalsD2Ev
                0x0000000008000a08        0x4 build/main.o
                0x0000000008000a08                Globals::~Globals()
                0x0000000008000a08                Globals::~Globals()
 .text._ZN14WaveMorphParam10RenderFillEPN5daisy10DaisyPatchE
                0x0000000008000a0c       0xb8 build/main.o
                0x0000000008000a0c                WaveMorphParam::RenderFill(daisy::DaisyPatch*)
 .text._ZN22LinearFillNumericParam10RenderFillEPN5daisy10DaisyPatchE
                0x0000000008000ac4       0x8c build/main.o
                0x0000000008000ac4                LinearFillNumericParam::RenderFill(daisy::DaisyPatch*)
 .text._ZNSt7__cxx1112basic_stringIcSt11char_traitsIcESaIcEEC2EPKcRKS3_.constprop.0
                0x0000000008000b50       0x64 build/main.o
 .text._ZNSt7__cxx1112basic_stringIcSt11char_traitsIcESaIcEE12_M_constructIPcEEvT_S7_St20forward_iterator_tag.isra.0
                0x0000000008000bb4       0x68 build/main.o
 .text._ZN16ModulationSource7SetMenuEP9MenuState
                0x0000000008000c1c       0x70 build/main.o
                0x0000000008000c1c                ModulationSource::SetMenu(MenuState*)
 .text._ZL4Backv
                0x0000000008000c8c       0xc0 build/main.o
 .text._ZN10MonoEngine17HandleMidiMessageEN5daisy9MidiEventE
                0x0000000008000d4c      0x108 build/main.o
                0x0000000008000d4c                MonoEngine::HandleMidiMessage(daisy::MidiEvent)
 .text._ZL5EnterP10ScreenNode
                0x0000000008000e54       0xc0 build/main.o
 .text._ZN17ModulationSources7SetMenuEP9MenuState
                0x0000000008000f14      0x168 build/main.o
                0x0000000008000f14                ModulationSources::SetMenu(MenuState*)
 *fill*         0x000000000800107c        0x4 
 .text._Z8lfoWavesff
                0x0000000008001080      0x1a0 build/main.o
                0x0000000008001080                lfoWaves(float, float)
 .text._Z10basicWavesff
                0x0000000008001220      0x250 build/main.o
                0x0000000008001220                basicWaves(float, float)
 .text._Z15createBPMModSubv
                0x0000000008001470       0xb0 build/main.o
                0x0000000008001470                createBPMModSub()
 .text._Z34createZeroTo32HundredPercentModAddv
                0x0000000008001520       0xb8 build/main.o
                0x0000000008001520                createZeroTo32HundredPercentModAdd()
 .text._Z32createZeroToHundredPercentModSubv
                0x00000000080015d8       0xb4 build/main.o
                0x00000000080015d8                createZeroToHundredPercentModSub()
 .text._Z34createZeroTo32HundredPercentModSubv
                0x000000000800168c       0xb4 build/main.o
                0x000000000800168c                createZeroTo32HundredPercentModSub()
 .text._Z16createFreqModSubv
                0x0000000008001740       0xb8 build/main.o
                0x0000000008001740                createFreqModSub()
 .text._Z16createFreqModAddv
                0x00000000080017f8       0xb8 build/main.o
                0x00000000080017f8                createFreqModAdd()
 .text._Z18createDetuneModAddv
                0x00000000080018b0       0xb4 build/main.o
                0x00000000080018b0                createDetuneModAdd()
 .text._Z32createZeroToHundredPercentModAddv
                0x0000000008001964       0xb4 build/main.o
                0x0000000008001964                createZeroToHundredPercentModAdd()
 .text._Z18createDetuneModSubv
                0x0000000008001a18       0xb4 build/main.o
                0x0000000008001a18                createDetuneModSub()
 .text._Z15createBPMModAddv
                0x0000000008001acc       0xb0 build/main.o
                0x0000000008001acc                createBPMModAdd()
 .text._Z19createRawFreqModSubv
                0x0000000008001b7c       0xb8 build/main.o
                0x0000000008001b7c                createRawFreqModSub()
 .text._Z20createDivisionModSubv
                0x0000000008001c34       0xb0 build/main.o
                0x0000000008001c34                createDivisionModSub()
 .text._Z19createRawFreqModAddv
                0x0000000008001ce4       0xb8 build/main.o
                0x0000000008001ce4                createRawFreqModAdd()
 .text._Z20createDivisionModAddv
                0x0000000008001d9c       0xb0 build/main.o
                0x0000000008001d9c                createDivisionModAdd()
 .text._ZN8Envelope7SetMenuEP9MenuState
                0x0000000008001e4c      0x17c build/main.o
                0x0000000008001e4c                Envelope::SetMenu(MenuState*)
 .text._ZN19ComplexNumericParam7SetMenuEP9MenuState
                0x0000000008001fc8      0x23c build/main.o
                0x0000000008001fc8                ComplexNumericParam::SetMenu(MenuState*)
 .text._ZN20MonoEngineOscillator7SetMenuEP9MenuState
                0x0000000008002204      0x1c8 build/main.o
                0x0000000008002204                MonoEngineOscillator::SetMenu(MenuState*)
 .text._ZN15MonoEngineClock7SetMenuEP9MenuState
                0x00000000080023cc      0x160 build/main.o
                0x00000000080023cc                MonoEngineClock::SetMenu(MenuState*)
 .text._ZN15MonoEngineDelay7SetMenuEP9MenuState
                0x000000000800252c      0x19c build/main.o
                0x000000000800252c                MonoEngineDelay::SetMenu(MenuState*)
 .text._ZN3LFO7SetMenuEP9MenuState
                0x00000000080026c8      0x1a4 build/main.o
                0x00000000080026c8                LFO::SetMenu(MenuState*)
 .text._ZN15MonoEngineMixer7SetMenuEP9MenuState
                0x000000000800286c      0x28c build/main.o
                0x000000000800286c                MonoEngineMixer::SetMenu(MenuState*)
 .text._ZN16MonoEngineFilter7SetMenuEP9MenuState
                0x0000000008002af8      0x228 build/main.o
                0x0000000008002af8                MonoEngineFilter::SetMenu(MenuState*)
 .text._ZN16MonoEnginePhaser7SetMenuEP9MenuState
                0x0000000008002d20      0x238 build/main.o
                0x0000000008002d20                MonoEnginePhaser::SetMenu(MenuState*)
 .text._ZN21ModulationDestination7SetMenuEP9MenuState
                0x0000000008002f58      0x298 build/main.o
                0x0000000008002f58                ModulationDestination::SetMenu(MenuState*)
 .text._ZN10MonoEngine7SetMenuEP9MenuState
                0x00000000080031f0      0x5bc build/main.o
                0x00000000080031f0                MonoEngine::SetMenu(MenuState*)
 .text._ZNSt7__cxx119to_stringEi
                0x00000000080037ac      0x138 build/main.o
                0x00000000080037ac                std::__cxx11::to_string(int)
 .text._ZN10FloatParam17GetFormattedLabelB5cxx11Ev
                0x00000000080038e4      0x408 build/main.o
                0x00000000080038e4                FloatParam::GetFormattedLabel[abi:cxx11]()
 .text._ZN12PercentParam17GetFormattedLabelB5cxx11Ev
                0x0000000008003cec      0x388 build/main.o
                0x0000000008003cec                PercentParam::GetFormattedLabel[abi:cxx11]()
 .text._ZN14WaveMorphParam17GetFormattedLabelB5cxx11Ev
                0x0000000008004074      0x388 build/main.o
                0x0000000008004074                WaveMorphParam::GetFormattedLabel[abi:cxx11]()
 .text._ZN4IconC2EPA8_b
                0x00000000080043fc       0x30 build/main.o
                0x00000000080043fc                Icon::Icon(bool (*) [8])
                0x00000000080043fc                Icon::Icon(bool (*) [8])
 .text._ZN4IconC2EPS_b
                0x000000000800442c       0x34 build/main.o
                0x000000000800442c                Icon::Icon(Icon*, bool)
                0x000000000800442c                Icon::Icon(Icon*, bool)
 .text._ZN10ScreenNodeC2EP8IHasMenu
                0x0000000008004460       0x50 build/main.o
                0x0000000008004460                ScreenNode::ScreenNode(IHasMenu*)
                0x0000000008004460                ScreenNode::ScreenNode(IHasMenu*)
 .text._ZN8IHasMenu11RefreshMenuEP9MenuStatei
                0x00000000080044b0       0x30 build/main.o
                0x00000000080044b0                IHasMenu::RefreshMenu(MenuState*, int)
 .text._ZN9MenuStateC2Ev
                0x00000000080044e0       0x48 build/main.o
                0x00000000080044e0                MenuState::MenuState()
                0x00000000080044e0                MenuState::MenuState()
 .text._Z26SetGlobalModulationSourcesv
                0x0000000008004528       0x3c build/main.o
                0x0000000008004528                SetGlobalModulationSources()
 .text._ZN6Engine13AudioCallbackEPPfS1_j
                0x0000000008004564      0x220 build/main.o
                0x0000000008004564                Engine::AudioCallback(float**, float**, unsigned int)
 *fill*         0x0000000008004784        0x4 
 .text._ZN12NumericParam5DeltaEim
                0x0000000008004788      0x1a0 build/main.o
                0x0000000008004788                NumericParam::Delta(int, unsigned long)
 .text._ZN12NumericParamC2ENSt7__cxx1112basic_stringIcSt11char_traitsIcESaIcEEEffffff
                0x0000000008004928       0x84 build/main.o
                0x0000000008004928                NumericParam::NumericParam(std::__cxx11::basic_string<char, std::char_traits<char>, std::allocator<char> >, float, float, float, float, float, float)
                0x0000000008004928                NumericParam::NumericParam(std::__cxx11::basic_string<char, std::char_traits<char>, std::allocator<char> >, float, float, float, float, float, float)
 .text._ZN19ComplexNumericParam17GetModulatedValueEv
                0x00000000080049ac       0x5c build/main.o
                0x00000000080049ac                ComplexNumericParam::GetModulatedValue()
 .text._ZN16ModulationSourceC2ENSt7__cxx1112basic_stringIcSt11char_traitsIcESaIcEEEP4Icon
                0x0000000008004a08       0xc4 build/main.o
                0x0000000008004a08                ModulationSource::ModulationSource(std::__cxx11::basic_string<char, std::char_traits<char>, std::allocator<char> >, Icon*)
                0x0000000008004a08                ModulationSource::ModulationSource(std::__cxx11::basic_string<char, std::char_traits<char>, std::allocator<char> >, Icon*)
 .text._ZN17ModulationSourcesC2Ev
                0x0000000008004acc      0x2f0 build/main.o
                0x0000000008004acc                ModulationSources::ModulationSources()
                0x0000000008004acc                ModulationSources::ModulationSources()
 .text._ZN21ModulationDestinationC2ENSt7__cxx1112basic_stringIcSt11char_traitsIcESaIcEEEP4Icon
                0x0000000008004dbc       0x8c build/main.o
                0x0000000008004dbc                ModulationDestination::ModulationDestination(std::__cxx11::basic_string<char, std::char_traits<char>, std::allocator<char> >, Icon*)
                0x0000000008004dbc                ModulationDestination::ModulationDestination(std::__cxx11::basic_string<char, std::char_traits<char>, std::allocator<char> >, Icon*)
 .text._ZN21ModulationDestinationC2EP12NumericParamS1_NSt7__cxx1112basic_stringIcSt11char_traitsIcESaIcEEEP4Icon
                0x0000000008004e48       0xf8 build/main.o
                0x0000000008004e48                ModulationDestination::ModulationDestination(NumericParam*, NumericParam*, std::__cxx11::basic_string<char, std::char_traits<char>, std::allocator<char> >, Icon*)
                0x0000000008004e48                ModulationDestination::ModulationDestination(NumericParam*, NumericParam*, std::__cxx11::basic_string<char, std::char_traits<char>, std::allocator<char> >, Icon*)
 .text._ZN19ComplexNumericParamC2EP12NumericParamPFS1_vES3_NSt7__cxx1112basic_stringIcSt11char_traitsIcESaIcEEEP4Icon
                0x0000000008004f40      0x1d4 build/main.o
                0x0000000008004f40                ComplexNumericParam::ComplexNumericParam(NumericParam*, NumericParam* (*)(), NumericParam* (*)(), std::__cxx11::basic_string<char, std::char_traits<char>, std::allocator<char> >, Icon*)
                0x0000000008004f40                ComplexNumericParam::ComplexNumericParam(NumericParam*, NumericParam* (*)(), NumericParam* (*)(), std::__cxx11::basic_string<char, std::char_traits<char>, std::allocator<char> >, Icon*)
 .text._ZN8Envelope6UpdateEf
                0x0000000008005114       0x4c build/main.o
                0x0000000008005114                Envelope::Update(float)
 .text._ZN10MonoEngine17AudioCallbackInitEj
                0x0000000008005160      0x410 build/main.o
                0x0000000008005160                MonoEngine::AudioCallbackInit(unsigned int)
 .text._ZN8EnvelopeC2ENSt7__cxx1112basic_stringIcSt11char_traitsIcESaIcEEEP4Icon
                0x0000000008005570      0x554 build/main.o
                0x0000000008005570                Envelope::Envelope(std::__cxx11::basic_string<char, std::char_traits<char>, std::allocator<char> >, Icon*)
                0x0000000008005570                Envelope::Envelope(std::__cxx11::basic_string<char, std::char_traits<char>, std::allocator<char> >, Icon*)
 .text._ZN3LFO7ProcessEf
                0x0000000008005ac4       0xe8 build/main.o
                0x0000000008005ac4                LFO::Process(float)
 .text._ZN3LFOC2ENSt7__cxx1112basic_stringIcSt11char_traitsIcESaIcEEEP4Icon
                0x0000000008005bac      0x45c build/main.o
                0x0000000008005bac                LFO::LFO(std::__cxx11::basic_string<char, std::char_traits<char>, std::allocator<char> >, Icon*)
                0x0000000008005bac                LFO::LFO(std::__cxx11::basic_string<char, std::char_traits<char>, std::allocator<char> >, Icon*)
 .text._ZN10MonoEngine18ProcessOscillatorsEv
                0x0000000008006008      0x120 build/main.o
                0x0000000008006008                MonoEngine::ProcessOscillators()
 .text._ZN10MonoEngine12ProcessClockEf
                0x0000000008006128       0xc0 build/main.o
                0x0000000008006128                MonoEngine::ProcessClock(float)
 .text._ZN10MonoEngine13ProcessFilterEv
                0x00000000080061e8       0x68 build/main.o
                0x00000000080061e8                MonoEngine::ProcessFilter()
 .text._ZN10MonoEngine13ProcessPhaserEv
                0x0000000008006250       0x8c build/main.o
                0x0000000008006250                MonoEngine::ProcessPhaser()
 .text._ZN10MonoEngine12ProcessDelayEv
                0x00000000080062dc       0xf4 build/main.o
                0x00000000080062dc                MonoEngine::ProcessDelay()
 .text._ZN10MonoEngine13ProcessMixersEv
                0x00000000080063d0       0x94 build/main.o
                0x00000000080063d0                MonoEngine::ProcessMixers()
 .text._ZN10MonoEngine22AudioCallbackPerSampleEv
                0x0000000008006464       0xa0 build/main.o
                0x0000000008006464                MonoEngine::AudioCallbackPerSample()
 .text._ZN10MonoEngineC2Ev
                0x0000000008006504     0x20e8 build/main.o
                0x0000000008006504                MonoEngine::MonoEngine()
                0x0000000008006504                MonoEngine::MonoEngine()
 .text._Z31SetGlobalModulationDestinationsv
                0x00000000080085ec      0x1a4 build/main.o
                0x00000000080085ec                SetGlobalModulationDestinations()
 .text.startup.main
                0x0000000008008790       0xc4 build/main.o
                0x0000000008008790                main
 .text._ZNSt7__cxx114listIP21ModulationDestinationSaIS2_EE6removeERKS2_
                0x0000000008008854       0x68 build/main.o
                0x0000000008008854                std::__cxx11::list<ModulationDestination*, std::allocator<ModulationDestination*> >::remove(ModulationDestination* const&)
 .text._ZN16ModulationSource17AssignDestinationEP21ModulationDestination
                0x00000000080088bc       0x3c build/main.o
                0x00000000080088bc                ModulationSource::AssignDestination(ModulationDestination*)
 .text._ZN10MonoEngine7PreWireEv
                0x00000000080088f8      0x2c8 build/main.o
                0x00000000080088f8                MonoEngine::PreWire()
 .text._ZN10MonoEngine4InitEf
                0x0000000008008bc0       0x74 build/main.o
                0x0000000008008bc0                MonoEngine::Init(float)
 .text._ZL13AudioCallbackPPfS0_j
                0x0000000008008c34      0x518 build/main.o
 .text.startup._GLOBAL__sub_I_cvOut1IconArray
                0x000000000800914c      0x758 build/main.o
 .text._ZN5daisy10DaisyPatch10StartAudioEPFvPPfS2_jE
                0x00000000080098a4        0x4 ../libdaisy/build/libdaisy.a(daisy_patch.o)
                0x00000000080098a4                daisy::DaisyPatch::StartAudio(void (*)(float**, float**, unsigned int))
 .text._ZN5daisy10DaisyPatch15AudioSampleRateEv
                0x00000000080098a8        0x4 ../libdaisy/build/libdaisy.a(daisy_patch.o)
                0x00000000080098a8                daisy::DaisyPatch::AudioSampleRate()
 .text._ZN5daisy10DaisyPatch8StartAdcEv
                0x00000000080098ac        0x8 ../libdaisy/build/libdaisy.a(daisy_patch.o)
                0x00000000080098ac                daisy::DaisyPatch::StartAdc()
 .text._ZN5daisy10DaisyPatch21ProcessAnalogControlsEv
                0x00000000080098b4       0x28 ../libdaisy/build/libdaisy.a(daisy_patch.o)
                0x00000000080098b4                daisy::DaisyPatch::ProcessAnalogControls()
 .text._ZN5daisy10DaisyPatch22ProcessDigitalControlsEv
                0x00000000080098dc        0x8 ../libdaisy/build/libdaisy.a(daisy_patch.o)
                0x00000000080098dc                daisy::DaisyPatch::ProcessDigitalControls()
 *fill*         0x00000000080098e4        0x4 
 .text._ZN5daisy10DaisyPatch9InitAudioEv
                0x00000000080098e8       0xe0 ../libdaisy/build/libdaisy.a(daisy_patch.o)
                0x00000000080098e8                daisy::DaisyPatch::InitAudio()
 .text._ZN5daisy10DaisyPatch12InitControlsEv
                0x00000000080099c8       0xb0 ../libdaisy/build/libdaisy.a(daisy_patch.o)
                0x00000000080099c8                daisy::DaisyPatch::InitControls()
 .text._ZN5daisy10DaisyPatch4InitEb
                0x0000000008009a78      0x140 ../libdaisy/build/libdaisy.a(daisy_patch.o)
                0x0000000008009a78                daisy::DaisyPatch::Init(bool)
 .text._ZN5daisy9DaisySeed9ConfigureEv
                0x0000000008009bb8       0x4c ../libdaisy/build/libdaisy.a(daisy_seed.o)
                0x0000000008009bb8                daisy::DaisySeed::Configure()
 .text._ZN5daisy9DaisySeed6GetPinEh
                0x0000000008009c04       0x2c ../libdaisy/build/libdaisy.a(daisy_seed.o)
                0x0000000008009c04                daisy::DaisySeed::GetPin(unsigned char)
 .text._ZN5daisy9DaisySeed7DelayMsEj
                0x0000000008009c30        0x8 ../libdaisy/build/libdaisy.a(daisy_seed.o)
                0x0000000008009c30                daisy::DaisySeed::DelayMs(unsigned int)
 .text._ZN5daisy9DaisySeed10StartAudioEPFvPPfS2_jE
                0x0000000008009c38        0x8 ../libdaisy/build/libdaisy.a(daisy_seed.o)
                0x0000000008009c38                daisy::DaisySeed::StartAudio(void (*)(float**, float**, unsigned int))
 .text._ZN5daisy9DaisySeed15AudioSampleRateEv
                0x0000000008009c40        0x8 ../libdaisy/build/libdaisy.a(daisy_seed.o)
                0x0000000008009c40                daisy::DaisySeed::AudioSampleRate()
 .text._ZNK5daisy9DaisySeed17AudioCallbackRateEv
                0x0000000008009c48        0x8 ../libdaisy/build/libdaisy.a(daisy_seed.o)
                0x0000000008009c48                daisy::DaisySeed::AudioCallbackRate() const
 .text._ZN5daisy9DaisySeed14ConfigureAudioEv
                0x0000000008009c50       0x78 ../libdaisy/build/libdaisy.a(daisy_seed.o)
                0x0000000008009c50                daisy::DaisySeed::ConfigureAudio()
 .text._ZN5daisy9DaisySeed4InitEb
                0x0000000008009cc8       0x7c ../libdaisy/build/libdaisy.a(daisy_seed.o)
                0x0000000008009cc8                daisy::DaisySeed::Init(bool)
 .text._ZN5daisy6Ak45564InitE12dsy_gpio_pin
                0x0000000008009d44       0x44 ../libdaisy/build/libdaisy.a(codec_ak4556.o)
                0x0000000008009d44                daisy::Ak4556::Init(dsy_gpio_pin)
 .text.dsy_sdram_init
                0x0000000008009d88      0x108 ../libdaisy/build/libdaisy.a(sdram.o)
                0x0000000008009d88                dsy_sdram_init
 .text.HAL_SDRAM_MspInit
                0x0000000008009e90      0x1d0 ../libdaisy/build/libdaisy.a(sdram.o)
                0x0000000008009e90                HAL_SDRAM_MspInit
 .text._ZN5daisy11AudioHandle4Impl16InternalCallbackEPlS2_j
                0x000000000800a060      0xbbc ../libdaisy/build/libdaisy.a(audio.o)
                0x000000000800a060                daisy::AudioHandle::Impl::InternalCallback(long*, long*, unsigned int)
 .text._ZN5daisy11AudioHandle4InitERKNS0_6ConfigENS_9SaiHandleE
                0x000000000800ac1c       0x64 ../libdaisy/build/libdaisy.a(audio.o)
                0x000000000800ac1c                daisy::AudioHandle::Init(daisy::AudioHandle::Config const&, daisy::SaiHandle)
 .text._ZN5daisy11AudioHandle4InitERKNS0_6ConfigENS_9SaiHandleES4_
                0x000000000800ac80       0x7c ../libdaisy/build/libdaisy.a(audio.o)
                0x000000000800ac80                daisy::AudioHandle::Init(daisy::AudioHandle::Config const&, daisy::SaiHandle, daisy::SaiHandle)
 .text._ZNK5daisy11AudioHandle9GetConfigEv
                0x000000000800acfc        0x8 ../libdaisy/build/libdaisy.a(audio.o)
                0x000000000800acfc                daisy::AudioHandle::GetConfig() const
 .text._ZN5daisy11AudioHandle13GetSampleRateEv
                0x000000000800ad04        0x8 ../libdaisy/build/libdaisy.a(audio.o)
                0x000000000800ad04                daisy::AudioHandle::GetSampleRate()
 .text._ZN5daisy11AudioHandle5StartEPFvPPfS2_jE
                0x000000000800ad0c       0x44 ../libdaisy/build/libdaisy.a(audio.o)
                0x000000000800ad0c                daisy::AudioHandle::Start(void (*)(float**, float**, unsigned int))
 .text.startup._GLOBAL__sub_I__ZN5daisy11AudioHandle4Impl4InitENS0_6ConfigENS_9SaiHandleE
                0x000000000800ad50       0x10 ../libdaisy/build/libdaisy.a(audio.o)
 .text._ZN5daisy13AnalogControl4InitEPtfbbf
                0x000000000800ad60       0x30 ../libdaisy/build/libdaisy.a(ctrl.o)
                0x000000000800ad60                daisy::AnalogControl::Init(unsigned short*, float, bool, bool, float)
 .text._ZN5daisy13AnalogControl7ProcessEv
                0x000000000800ad90       0x48 ../libdaisy/build/libdaisy.a(ctrl.o)
                0x000000000800ad90                daisy::AnalogControl::Process()
 .text._ZN5daisy7Encoder4InitE12dsy_gpio_pinS1_S1_f
                0x000000000800add8       0x4c ../libdaisy/build/libdaisy.a(encoder.o)
                0x000000000800add8                daisy::Encoder::Init(dsy_gpio_pin, dsy_gpio_pin, dsy_gpio_pin, float)
 .text._ZN5daisy7Encoder8DebounceEv
                0x000000000800ae24       0x60 ../libdaisy/build/libdaisy.a(encoder.o)
                0x000000000800ae24                daisy::Encoder::Debounce()
 .text._ZN5daisy6GateIn4InitEP12dsy_gpio_pin
                0x000000000800ae84       0x10 ../libdaisy/build/libdaisy.a(gatein.o)
                0x000000000800ae84                daisy::GateIn::Init(dsy_gpio_pin*)
 .text._ZN5daisy11MidiHandler4InitENS0_13MidiInputModeENS0_14MidiOutputModeE
                0x000000000800ae94       0x24 ../libdaisy/build/libdaisy.a(midi.o)
                0x000000000800ae94                daisy::MidiHandler::Init(daisy::MidiHandler::MidiInputMode, daisy::MidiHandler::MidiOutputMode)
 .text._ZN5daisy11MidiHandler12StartReceiveEv
                0x000000000800aeb8       0x10 ../libdaisy/build/libdaisy.a(midi.o)
                0x000000000800aeb8                daisy::MidiHandler::StartReceive()
 .text._ZN5daisy11MidiHandler6ListenEv
                0x000000000800aec8      0x150 ../libdaisy/build/libdaisy.a(midi.o)
                0x000000000800aec8                daisy::MidiHandler::Listen()
 .text._ZN5daisy9SpiHandleD2Ev
                0x000000000800b018        0x4 ../libdaisy/build/libdaisy.a(oled_display.o)
                0x000000000800b018                daisy::SpiHandle::~SpiHandle()
                0x000000000800b018                daisy::SpiHandle::~SpiHandle()
 .text._ZN5daisy11OledDisplay4FillEb
                0x000000000800b01c       0x14 ../libdaisy/build/libdaisy.a(oled_display.o)
                0x000000000800b01c                daisy::OledDisplay::Fill(bool)
 .text._ZN5daisy11OledDisplay6UpdateEv
                0x000000000800b030       0x8c ../libdaisy/build/libdaisy.a(oled_display.o)
                0x000000000800b030                daisy::OledDisplay::Update()
 .text._ZN5daisy11OledDisplay4InitEP12dsy_gpio_pin
                0x000000000800b0bc      0x324 ../libdaisy/build/libdaisy.a(oled_display.o)
                0x000000000800b0bc                daisy::OledDisplay::Init(dsy_gpio_pin*)
 .text._ZN5daisy11OledDisplay9DrawPixelEjjb
                0x000000000800b3e0       0x5c ../libdaisy/build/libdaisy.a(oled_display.o)
                0x000000000800b3e0                daisy::OledDisplay::DrawPixel(unsigned int, unsigned int, bool)
 .text._ZN5daisy11OledDisplay9WriteCharEc7FontDefb
                0x000000000800b43c      0x1a0 ../libdaisy/build/libdaisy.a(oled_display.o)
                0x000000000800b43c                daisy::OledDisplay::WriteChar(char, FontDef, bool)
 .text._ZN5daisy11OledDisplay11WriteStringEPKc7FontDefb
                0x000000000800b5dc       0x40 ../libdaisy/build/libdaisy.a(oled_display.o)
                0x000000000800b5dc                daisy::OledDisplay::WriteString(char const*, FontDef, bool)
 .text._ZN5daisy11OledDisplay9SetCursorEhh
                0x000000000800b61c        0xc ../libdaisy/build/libdaisy.a(oled_display.o)
                0x000000000800b61c                daisy::OledDisplay::SetCursor(unsigned char, unsigned char)
 .text.startup._GLOBAL__sub_I__ZN5daisy11OledDisplay4InitEP12dsy_gpio_pin
                0x000000000800b628       0x18 ../libdaisy/build/libdaisy.a(oled_display.o)
 .text._ZN5daisy6Switch4InitE12dsy_gpio_pinf
                0x000000000800b640       0x3c ../libdaisy/build/libdaisy.a(switch.o)
                0x000000000800b640                daisy::Switch::Init(dsy_gpio_pin, float)
 .text._ZN5daisy6Switch8DebounceEv
                0x000000000800b67c       0x4c ../libdaisy/build/libdaisy.a(switch.o)
                0x000000000800b67c                daisy::Switch::Debounce()
 .text._ZN5daisy16AdcChannelConfig10InitSingleE12dsy_gpio_pin
                0x000000000800b6c8       0x1c ../libdaisy/build/libdaisy.a(adc.o)
                0x000000000800b6c8                daisy::AdcChannelConfig::InitSingle(dsy_gpio_pin)
 .text._ZN5daisy9AdcHandle4InitEPNS_16AdcChannelConfigEjNS0_12OverSamplingE
                0x000000000800b6e4      0x6e8 ../libdaisy/build/libdaisy.a(adc.o)
                0x000000000800b6e4                daisy::AdcHandle::Init(daisy::AdcChannelConfig*, unsigned int, daisy::AdcHandle::OverSampling)
 .text._ZN5daisy9AdcHandle5StartEv
                0x000000000800bdcc       0x2c ../libdaisy/build/libdaisy.a(adc.o)
                0x000000000800bdcc                daisy::AdcHandle::Start()
 .text._ZNK5daisy9AdcHandle6GetPtrEh
                0x000000000800bdf8       0x14 ../libdaisy/build/libdaisy.a(adc.o)
                0x000000000800bdf8                daisy::AdcHandle::GetPtr(unsigned char) const
 .text.HAL_ADC_MspInit
                0x000000000800be0c       0x98 ../libdaisy/build/libdaisy.a(adc.o)
                0x000000000800be0c                HAL_ADC_MspInit
 .text.DMA1_Stream2_IRQHandler
                0x000000000800bea4        0xc ../libdaisy/build/libdaisy.a(adc.o)
                0x000000000800bea4                DMA1_Stream2_IRQHandler
 .text.HAL_ADC_ConvCpltCallback
                0x000000000800beb0      0x14c ../libdaisy/build/libdaisy.a(adc.o)
                0x000000000800beb0                HAL_ADC_ConvCpltCallback
 .text.HAL_ADC_ErrorCallback
                0x000000000800bffc        0x4 ../libdaisy/build/libdaisy.a(adc.o)
                0x000000000800bffc                HAL_ADC_ErrorCallback
 .text.HAL_DAC_MspInit
                0x000000000800c000      0x15c ../libdaisy/build/libdaisy.a(dac.o)
                0x000000000800c000                HAL_DAC_MspInit
 .text.DMA2_Stream0_IRQHandler
                0x000000000800c15c        0xc ../libdaisy/build/libdaisy.a(dac.o)
                0x000000000800c15c                DMA2_Stream0_IRQHandler
 .text.DMA2_Stream1_IRQHandler
                0x000000000800c168        0xc ../libdaisy/build/libdaisy.a(dac.o)
                0x000000000800c168                DMA2_Stream1_IRQHandler
 .text.TIM6_DAC_IRQHandler
                0x000000000800c174       0x1c ../libdaisy/build/libdaisy.a(dac.o)
                0x000000000800c174                TIM6_DAC_IRQHandler
 .text._ZN5daisy9DacHandle4InitERKNS0_6ConfigE
                0x000000000800c190       0xfc ../libdaisy/build/libdaisy.a(dac.o)
                0x000000000800c190                daisy::DacHandle::Init(daisy::DacHandle::Config const&)
 .text._ZN5daisy9DacHandle10WriteValueENS0_7ChannelEt
                0x000000000800c28c       0x70 ../libdaisy/build/libdaisy.a(dac.o)
                0x000000000800c28c                daisy::DacHandle::WriteValue(daisy::DacHandle::Channel, unsigned short)
 .text.dsy_gpio_init
                0x000000000800c2fc      0x1b8 ../libdaisy/build/libdaisy.a(gpio.o)
                0x000000000800c2fc                dsy_gpio_init
 .text.dsy_gpio_read
                0x000000000800c4b4       0x1c ../libdaisy/build/libdaisy.a(gpio.o)
                0x000000000800c4b4                dsy_gpio_read
 .text.dsy_gpio_write
                0x000000000800c4d0       0x24 ../libdaisy/build/libdaisy.a(gpio.o)
                0x000000000800c4d0                dsy_gpio_write
 *fill*         0x000000000800c4f4        0x4 
 .text.dsy_qspi_init
                0x000000000800c4f8      0x388 ../libdaisy/build/libdaisy.a(qspi.o)
                0x000000000800c4f8                dsy_qspi_init
 .text.HAL_QSPI_MspInit
                0x000000000800c880      0x10c ../libdaisy/build/libdaisy.a(qspi.o)
                0x000000000800c880                HAL_QSPI_MspInit
 .text.HAL_QSPI_MspDeInit
                0x000000000800c98c       0x58 ../libdaisy/build/libdaisy.a(qspi.o)
                0x000000000800c98c                HAL_QSPI_MspDeInit
 .text.QUADSPI_IRQHandler
                0x000000000800c9e4        0xc ../libdaisy/build/libdaisy.a(qspi.o)
                0x000000000800c9e4                QUADSPI_IRQHandler
 .text._ZN5daisy9SaiHandle4Impl7InitDmaENS1_15PeripheralBlockE
                0x000000000800c9f0       0xa0 ../libdaisy/build/libdaisy.a(sai.o)
                0x000000000800c9f0                daisy::SaiHandle::Impl::InitDma(daisy::SaiHandle::Impl::PeripheralBlock)
 .text._ZN5daisy9SaiHandle4Impl8InitPinsEv
                0x000000000800ca90       0xa8 ../libdaisy/build/libdaisy.a(sai.o)
                0x000000000800ca90                daisy::SaiHandle::Impl::InitPins()
 .text.HAL_SAI_MspInit
                0x000000000800cb38      0x164 ../libdaisy/build/libdaisy.a(sai.o)
                0x000000000800cb38                HAL_SAI_MspInit
 .text.DMA1_Stream0_IRQHandler
                0x000000000800cc9c        0xc ../libdaisy/build/libdaisy.a(sai.o)
                0x000000000800cc9c                DMA1_Stream0_IRQHandler
 .text.DMA1_Stream1_IRQHandler
                0x000000000800cca8        0xc ../libdaisy/build/libdaisy.a(sai.o)
                0x000000000800cca8                DMA1_Stream1_IRQHandler
 .text.DMA1_Stream3_IRQHandler
                0x000000000800ccb4        0xc ../libdaisy/build/libdaisy.a(sai.o)
                0x000000000800ccb4                DMA1_Stream3_IRQHandler
 .text.DMA1_Stream4_IRQHandler
                0x000000000800ccc0        0xc ../libdaisy/build/libdaisy.a(sai.o)
                0x000000000800ccc0                DMA1_Stream4_IRQHandler
 .text.HAL_SAI_RxHalfCpltCallback
                0x000000000800cccc       0x78 ../libdaisy/build/libdaisy.a(sai.o)
                0x000000000800cccc                HAL_SAI_RxHalfCpltCallback
 .text.HAL_SAI_RxCpltCallback
                0x000000000800cd44       0x70 ../libdaisy/build/libdaisy.a(sai.o)
                0x000000000800cd44                HAL_SAI_RxCpltCallback
 *fill*         0x000000000800cdb4        0x4 
 .text._ZN5daisy9SaiHandle4InitERKNS0_6ConfigE
                0x000000000800cdb8      0x1f0 ../libdaisy/build/libdaisy.a(sai.o)
                0x000000000800cdb8                daisy::SaiHandle::Init(daisy::SaiHandle::Config const&)
 .text._ZNK5daisy9SaiHandle9GetConfigEv
                0x000000000800cfa8        0x4 ../libdaisy/build/libdaisy.a(sai.o)
                0x000000000800cfa8                daisy::SaiHandle::GetConfig() const
 .text._ZN5daisy9SaiHandle8StartDmaEPlS1_jPFvS1_S1_jE
                0x000000000800cfac       0x68 ../libdaisy/build/libdaisy.a(sai.o)
                0x000000000800cfac                daisy::SaiHandle::StartDma(long*, long*, unsigned int, void (*)(long*, long*, unsigned int))
 .text._ZN5daisy9SaiHandle13GetSampleRateEv
                0x000000000800d014       0x24 ../libdaisy/build/libdaisy.a(sai.o)
                0x000000000800d014                daisy::SaiHandle::GetSampleRate()
 .text._ZNK5daisy9SaiHandle9GetOffsetEv
                0x000000000800d038        0x8 ../libdaisy/build/libdaisy.a(sai.o)
                0x000000000800d038                daisy::SaiHandle::GetOffset() const
 .text._ZN5daisy9SpiHandle4InitEv
                0x000000000800d040       0x58 ../libdaisy/build/libdaisy.a(spi.o)
                0x000000000800d040                daisy::SpiHandle::Init()
 .text._ZN5daisy9SpiHandle16BlockingTransmitEPhj
                0x000000000800d098       0x10 ../libdaisy/build/libdaisy.a(spi.o)
                0x000000000800d098                daisy::SpiHandle::BlockingTransmit(unsigned char*, unsigned int)
 .text.HAL_SPI_MspInit
                0x000000000800d0a8       0xd4 ../libdaisy/build/libdaisy.a(spi.o)
                0x000000000800d0a8                HAL_SPI_MspInit
 .text._ZL14UARTRxCompletev
                0x000000000800d17c      0x104 ../libdaisy/build/libdaisy.a(uart.o)
 .text._ZN5daisy11UartHandler4InitEv
                0x000000000800d280       0x80 ../libdaisy/build/libdaisy.a(uart.o)
                0x000000000800d280                daisy::UartHandler::Init()
 .text._ZN5daisy11UartHandler7StartRxEv
                0x000000000800d300       0x20 ../libdaisy/build/libdaisy.a(uart.o)
                0x000000000800d300                daisy::UartHandler::StartRx()
 .text._ZN5daisy11UartHandler8RxActiveEv
                0x000000000800d320        0xc ../libdaisy/build/libdaisy.a(uart.o)
                0x000000000800d320                daisy::UartHandler::RxActive()
 .text._ZN5daisy11UartHandler7FlushRxEv
                0x000000000800d32c       0x14 ../libdaisy/build/libdaisy.a(uart.o)
                0x000000000800d32c                daisy::UartHandler::FlushRx()
 .text._ZN5daisy11UartHandler5PopRxEv
                0x000000000800d340       0x2c ../libdaisy/build/libdaisy.a(uart.o)
                0x000000000800d340                daisy::UartHandler::PopRx()
 .text._ZN5daisy11UartHandler8ReadableEv
                0x000000000800d36c       0x14 ../libdaisy/build/libdaisy.a(uart.o)
                0x000000000800d36c                daisy::UartHandler::Readable()
 .text.HAL_UART_RxCpltCallback
                0x000000000800d380       0x18 ../libdaisy/build/libdaisy.a(uart.o)
                0x000000000800d380                HAL_UART_RxCpltCallback
 .text.HAL_UART_ErrorCallback
                0x000000000800d398       0x14 ../libdaisy/build/libdaisy.a(uart.o)
                0x000000000800d398                HAL_UART_ErrorCallback
 .text.HAL_UART_MspInit
                0x000000000800d3ac       0xec ../libdaisy/build/libdaisy.a(uart.o)
                0x000000000800d3ac                HAL_UART_MspInit
 .text.USART1_IRQHandler
                0x000000000800d498       0x34 ../libdaisy/build/libdaisy.a(uart.o)
                0x000000000800d498                USART1_IRQHandler
 .text.DMA1_Stream5_IRQHandler
                0x000000000800d4cc        0xc ../libdaisy/build/libdaisy.a(uart.o)
                0x000000000800d4cc                DMA1_Stream5_IRQHandler
 .text._ZN5daisy11TimerHandleD2Ev
                0x000000000800d4d8        0x4 ../libdaisy/build/libdaisy.a(system.o)
                0x000000000800d4d8                daisy::TimerHandle::~TimerHandle()
                0x000000000800d4d8                daisy::TimerHandle::~TimerHandle()
 .text.SysTick_Handler
                0x000000000800d4dc       0x10 ../libdaisy/build/libdaisy.a(system.o)
                0x000000000800d4dc                SysTick_Handler
 .text.HardFault_Handler
                0x000000000800d4ec        0x4 ../libdaisy/build/libdaisy.a(system.o)
                0x000000000800d4ec                HardFault_Handler
 .text._ZN5daisy6System6GetNowEv
                0x000000000800d4f0        0x4 ../libdaisy/build/libdaisy.a(system.o)
                0x000000000800d4f0                daisy::System::GetNow()
 .text._ZN5daisy6System5DelayEm
                0x000000000800d4f4        0x4 ../libdaisy/build/libdaisy.a(system.o)
                0x000000000800d4f4                daisy::System::Delay(unsigned long)
 .text._ZN5daisy6System15ConfigureClocksEv
                0x000000000800d4f8      0x194 ../libdaisy/build/libdaisy.a(system.o)
                0x000000000800d4f8                daisy::System::ConfigureClocks()
 .text._ZN5daisy6System4InitERKNS0_6ConfigE
                0x000000000800d68c      0x11c ../libdaisy/build/libdaisy.a(system.o)
                0x000000000800d68c                daisy::System::Init(daisy::System::Config const&)
 .text._ZN5daisy6System12GetPClk2FreqEv
                0x000000000800d7a8        0x4 ../libdaisy/build/libdaisy.a(system.o)
                0x000000000800d7a8                daisy::System::GetPClk2Freq()
 .text.startup._GLOBAL__sub_I_SysTick_Handler
                0x000000000800d7ac       0x1c ../libdaisy/build/libdaisy.a(system.o)
 .text.SystemInit
                0x000000000800d7c8       0x84 ../libdaisy/build/libdaisy.a(system_stm32h7xx.o)
                0x000000000800d7c8                SystemInit
 .text.dsy_hal_map_get_port
                0x000000000800d84c       0x10 ../libdaisy/build/libdaisy.a(hal_map.o)
                0x000000000800d84c                dsy_hal_map_get_port
 .text.dsy_hal_map_get_pin
                0x000000000800d85c       0x10 ../libdaisy/build/libdaisy.a(hal_map.o)
                0x000000000800d85c                dsy_hal_map_get_pin
 .text.HAL_MspInit
                0x000000000800d86c        0x4 ../libdaisy/build/libdaisy.a(stm32h7xx_hal.o)
                0x000000000800d86c                HAL_MspInit
 .text.HAL_InitTick
                0x000000000800d870       0x4c ../libdaisy/build/libdaisy.a(stm32h7xx_hal.o)
                0x000000000800d870                HAL_InitTick
 .text.HAL_Init
                0x000000000800d8bc       0x60 ../libdaisy/build/libdaisy.a(stm32h7xx_hal.o)
                0x000000000800d8bc                HAL_Init
 .text.HAL_IncTick
                0x000000000800d91c       0x18 ../libdaisy/build/libdaisy.a(stm32h7xx_hal.o)
                0x000000000800d91c                HAL_IncTick
 .text.HAL_GetTick
                0x000000000800d934        0xc ../libdaisy/build/libdaisy.a(stm32h7xx_hal.o)
                0x000000000800d934                HAL_GetTick
 .text.HAL_Delay
                0x000000000800d940       0x24 ../libdaisy/build/libdaisy.a(stm32h7xx_hal.o)
                0x000000000800d940                HAL_Delay
 .text.HAL_GetREVID
                0x000000000800d964        0xc ../libdaisy/build/libdaisy.a(stm32h7xx_hal.o)
                0x000000000800d964                HAL_GetREVID
 .text.HAL_ADC_ConvHalfCpltCallback
                0x000000000800d970        0x4 ../libdaisy/build/libdaisy.a(stm32h7xx_hal_adc.o)
                0x000000000800d970                HAL_ADC_ConvHalfCpltCallback
 .text.ADC_DMAHalfConvCplt
                0x000000000800d974        0xc ../libdaisy/build/libdaisy.a(stm32h7xx_hal_adc.o)
                0x000000000800d974                ADC_DMAHalfConvCplt
 .text.ADC_DMAConvCplt
                0x000000000800d980       0x6c ../libdaisy/build/libdaisy.a(stm32h7xx_hal_adc.o)
                0x000000000800d980                ADC_DMAConvCplt
 .text.ADC_DMAError
                0x000000000800d9ec       0x1c ../libdaisy/build/libdaisy.a(stm32h7xx_hal_adc.o)
                0x000000000800d9ec                ADC_DMAError
 .text.HAL_ADC_ConfigChannel
                0x000000000800da08      0x3fc ../libdaisy/build/libdaisy.a(stm32h7xx_hal_adc.o)
                0x000000000800da08                HAL_ADC_ConfigChannel
 .text.ADC_Enable
                0x000000000800de04       0xac ../libdaisy/build/libdaisy.a(stm32h7xx_hal_adc.o)
                0x000000000800de04                ADC_Enable
 .text.HAL_ADC_Start_DMA
                0x000000000800deb0      0x114 ../libdaisy/build/libdaisy.a(stm32h7xx_hal_adc.o)
                0x000000000800deb0                HAL_ADC_Start_DMA
 .text.ADC_Disable
                0x000000000800dfc4       0x68 ../libdaisy/build/libdaisy.a(stm32h7xx_hal_adc.o)
                0x000000000800dfc4                ADC_Disable
 .text.ADC_ConfigureBoostMode
                0x000000000800e02c      0x184 ../libdaisy/build/libdaisy.a(stm32h7xx_hal_adc.o)
                0x000000000800e02c                ADC_ConfigureBoostMode
 .text.HAL_ADC_Init
                0x000000000800e1b0      0x218 ../libdaisy/build/libdaisy.a(stm32h7xx_hal_adc.o)
                0x000000000800e1b0                HAL_ADC_Init
 .text.HAL_ADCEx_Calibration_Start
                0x000000000800e3c8       0xa4 ../libdaisy/build/libdaisy.a(stm32h7xx_hal_adc_ex.o)
                0x000000000800e3c8                HAL_ADCEx_Calibration_Start
 .text.HAL_ADCEx_MultiModeConfigChannel
                0x000000000800e46c       0xc4 ../libdaisy/build/libdaisy.a(stm32h7xx_hal_adc_ex.o)
                0x000000000800e46c                HAL_ADCEx_MultiModeConfigChannel
 .text.HAL_NVIC_SetPriorityGrouping
                0x000000000800e530       0x24 ../libdaisy/build/libdaisy.a(stm32h7xx_hal_cortex.o)
                0x000000000800e530                HAL_NVIC_SetPriorityGrouping
 .text.HAL_NVIC_SetPriority
                0x000000000800e554       0x7c ../libdaisy/build/libdaisy.a(stm32h7xx_hal_cortex.o)
                0x000000000800e554                HAL_NVIC_SetPriority
 .text.HAL_NVIC_EnableIRQ
                0x000000000800e5d0       0x1c ../libdaisy/build/libdaisy.a(stm32h7xx_hal_cortex.o)
                0x000000000800e5d0                HAL_NVIC_EnableIRQ
 .text.HAL_NVIC_DisableIRQ
                0x000000000800e5ec       0x28 ../libdaisy/build/libdaisy.a(stm32h7xx_hal_cortex.o)
                0x000000000800e5ec                HAL_NVIC_DisableIRQ
 .text.HAL_SYSTICK_Config
                0x000000000800e614       0x2c ../libdaisy/build/libdaisy.a(stm32h7xx_hal_cortex.o)
                0x000000000800e614                HAL_SYSTICK_Config
 .text.HAL_MPU_Disable
                0x000000000800e640       0x1c ../libdaisy/build/libdaisy.a(stm32h7xx_hal_cortex.o)
                0x000000000800e640                HAL_MPU_Disable
 .text.HAL_MPU_Enable
                0x000000000800e65c       0x20 ../libdaisy/build/libdaisy.a(stm32h7xx_hal_cortex.o)
                0x000000000800e65c                HAL_MPU_Enable
 .text.HAL_MPU_ConfigRegion
                0x000000000800e67c       0x64 ../libdaisy/build/libdaisy.a(stm32h7xx_hal_cortex.o)
                0x000000000800e67c                HAL_MPU_ConfigRegion
 .text.HAL_SYSTICK_Callback
                0x000000000800e6e0        0x4 ../libdaisy/build/libdaisy.a(stm32h7xx_hal_cortex.o)
                0x000000000800e6e0                HAL_SYSTICK_Callback
 .text.HAL_SYSTICK_IRQHandler
                0x000000000800e6e4        0x8 ../libdaisy/build/libdaisy.a(stm32h7xx_hal_cortex.o)
                0x000000000800e6e4                HAL_SYSTICK_IRQHandler
 .text.HAL_DAC_Init
                0x000000000800e6ec       0x2c ../libdaisy/build/libdaisy.a(stm32h7xx_hal_dac.o)
                0x000000000800e6ec                HAL_DAC_Init
 .text.HAL_DAC_Start
                0x000000000800e718       0x5c ../libdaisy/build/libdaisy.a(stm32h7xx_hal_dac.o)
                0x000000000800e718                HAL_DAC_Start
 .text.HAL_DAC_SetValue
                0x000000000800e774       0x30 ../libdaisy/build/libdaisy.a(stm32h7xx_hal_dac.o)
                0x000000000800e774                HAL_DAC_SetValue
 .text.HAL_DAC_DMAUnderrunCallbackCh1
                0x000000000800e7a4        0x4 ../libdaisy/build/libdaisy.a(stm32h7xx_hal_dac.o)
                0x000000000800e7a4                HAL_DAC_DMAUnderrunCallbackCh1
 .text.HAL_DAC_IRQHandler
                0x000000000800e7a8       0x68 ../libdaisy/build/libdaisy.a(stm32h7xx_hal_dac.o)
                0x000000000800e7a8                HAL_DAC_IRQHandler
 .text.HAL_DAC_ConfigChannel
                0x000000000800e810      0x130 ../libdaisy/build/libdaisy.a(stm32h7xx_hal_dac.o)
                0x000000000800e810                HAL_DAC_ConfigChannel
 .text.HAL_DACEx_DMAUnderrunCallbackCh2
                0x000000000800e940        0x4 ../libdaisy/build/libdaisy.a(stm32h7xx_hal_dac_ex.o)
                0x000000000800e940                HAL_DACEx_DMAUnderrunCallbackCh2
 .text.DMA_CalcBaseAndBitshift
                0x000000000800e944       0xf4 ../libdaisy/build/libdaisy.a(stm32h7xx_hal_dma.o)
 .text.DMA_CalcDMAMUXChannelBaseAndMask
                0x000000000800ea38       0xd8 ../libdaisy/build/libdaisy.a(stm32h7xx_hal_dma.o)
 .text.HAL_DMA_Init
                0x000000000800eb10      0x37c ../libdaisy/build/libdaisy.a(stm32h7xx_hal_dma.o)
                0x000000000800eb10                HAL_DMA_Init
 .text.HAL_DMA_Start_IT
                0x000000000800ee8c      0x240 ../libdaisy/build/libdaisy.a(stm32h7xx_hal_dma.o)
                0x000000000800ee8c                HAL_DMA_Start_IT
 .text.HAL_DMA_Abort_IT
                0x000000000800f0cc      0x134 ../libdaisy/build/libdaisy.a(stm32h7xx_hal_dma.o)
                0x000000000800f0cc                HAL_DMA_Abort_IT
 .text.HAL_DMA_IRQHandler
                0x000000000800f200      0x6a0 ../libdaisy/build/libdaisy.a(stm32h7xx_hal_dma.o)
                0x000000000800f200                HAL_DMA_IRQHandler
 .text.HAL_DMA_GetError
                0x000000000800f8a0        0x4 ../libdaisy/build/libdaisy.a(stm32h7xx_hal_dma.o)
                0x000000000800f8a0                HAL_DMA_GetError
 .text.HAL_GPIO_Init
                0x000000000800f8a4      0x280 ../libdaisy/build/libdaisy.a(stm32h7xx_hal_gpio.o)
                0x000000000800f8a4                HAL_GPIO_Init
 .text.HAL_GPIO_DeInit
                0x000000000800fb24      0x190 ../libdaisy/build/libdaisy.a(stm32h7xx_hal_gpio.o)
                0x000000000800fb24                HAL_GPIO_DeInit
 .text.HAL_GPIO_ReadPin
                0x000000000800fcb4        0xc ../libdaisy/build/libdaisy.a(stm32h7xx_hal_gpio.o)
                0x000000000800fcb4                HAL_GPIO_ReadPin
 .text.HAL_GPIO_WritePin
                0x000000000800fcc0        0x8 ../libdaisy/build/libdaisy.a(stm32h7xx_hal_gpio.o)
                0x000000000800fcc0                HAL_GPIO_WritePin
 .text.HAL_PWREx_ConfigSupply
                0x000000000800fcc8       0x4c ../libdaisy/build/libdaisy.a(stm32h7xx_hal_pwr_ex.o)
                0x000000000800fcc8                HAL_PWREx_ConfigSupply
 .text.HAL_PWREx_EnableUSBVoltageDetector
                0x000000000800fd14       0x10 ../libdaisy/build/libdaisy.a(stm32h7xx_hal_pwr_ex.o)
                0x000000000800fd14                HAL_PWREx_EnableUSBVoltageDetector
 .text.QSPI_Config
                0x000000000800fd24      0x174 ../libdaisy/build/libdaisy.a(stm32h7xx_hal_qspi.o)
 .text.HAL_QSPI_Init
                0x000000000800fe98       0xd8 ../libdaisy/build/libdaisy.a(stm32h7xx_hal_qspi.o)
                0x000000000800fe98                HAL_QSPI_Init
 .text.HAL_QSPI_DeInit
                0x000000000800ff70       0x3c ../libdaisy/build/libdaisy.a(stm32h7xx_hal_qspi.o)
                0x000000000800ff70                HAL_QSPI_DeInit
 .text.HAL_QSPI_Command
                0x000000000800ffac       0xd4 ../libdaisy/build/libdaisy.a(stm32h7xx_hal_qspi.o)
                0x000000000800ffac                HAL_QSPI_Command
 .text.HAL_QSPI_Transmit
                0x0000000008010080       0xfc ../libdaisy/build/libdaisy.a(stm32h7xx_hal_qspi.o)
                0x0000000008010080                HAL_QSPI_Transmit
 .text.HAL_QSPI_Receive
                0x000000000801017c      0x108 ../libdaisy/build/libdaisy.a(stm32h7xx_hal_qspi.o)
                0x000000000801017c                HAL_QSPI_Receive
 .text.HAL_QSPI_AutoPolling
                0x0000000008010284       0xf0 ../libdaisy/build/libdaisy.a(stm32h7xx_hal_qspi.o)
                0x0000000008010284                HAL_QSPI_AutoPolling
 .text.HAL_QSPI_MemoryMapped
                0x0000000008010374       0xc0 ../libdaisy/build/libdaisy.a(stm32h7xx_hal_qspi.o)
                0x0000000008010374                HAL_QSPI_MemoryMapped
 .text.HAL_QSPI_ErrorCallback
                0x0000000008010434        0x4 ../libdaisy/build/libdaisy.a(stm32h7xx_hal_qspi.o)
                0x0000000008010434                HAL_QSPI_ErrorCallback
 .text.QSPI_DMAAbortCplt
                0x0000000008010438       0x38 ../libdaisy/build/libdaisy.a(stm32h7xx_hal_qspi.o)
 .text.HAL_QSPI_AbortCpltCallback
                0x0000000008010470        0x4 ../libdaisy/build/libdaisy.a(stm32h7xx_hal_qspi.o)
                0x0000000008010470                HAL_QSPI_AbortCpltCallback
 .text.HAL_QSPI_CmdCpltCallback
                0x0000000008010474        0x4 ../libdaisy/build/libdaisy.a(stm32h7xx_hal_qspi.o)
                0x0000000008010474                HAL_QSPI_CmdCpltCallback
 .text.HAL_QSPI_RxCpltCallback
                0x0000000008010478        0x4 ../libdaisy/build/libdaisy.a(stm32h7xx_hal_qspi.o)
                0x0000000008010478                HAL_QSPI_RxCpltCallback
 .text.HAL_QSPI_TxCpltCallback
                0x000000000801047c        0x4 ../libdaisy/build/libdaisy.a(stm32h7xx_hal_qspi.o)
                0x000000000801047c                HAL_QSPI_TxCpltCallback
 .text.HAL_QSPI_FifoThresholdCallback
                0x0000000008010480        0x4 ../libdaisy/build/libdaisy.a(stm32h7xx_hal_qspi.o)
                0x0000000008010480                HAL_QSPI_FifoThresholdCallback
 .text.HAL_QSPI_StatusMatchCallback
                0x0000000008010484        0x4 ../libdaisy/build/libdaisy.a(stm32h7xx_hal_qspi.o)
                0x0000000008010484                HAL_QSPI_StatusMatchCallback
 .text.HAL_QSPI_TimeOutCallback
                0x0000000008010488        0x4 ../libdaisy/build/libdaisy.a(stm32h7xx_hal_qspi.o)
                0x0000000008010488                HAL_QSPI_TimeOutCallback
 .text.HAL_QSPI_IRQHandler
                0x000000000801048c      0x210 ../libdaisy/build/libdaisy.a(stm32h7xx_hal_qspi.o)
                0x000000000801048c                HAL_QSPI_IRQHandler
 .text.HAL_RCC_OscConfig
                0x000000000801069c      0x51c ../libdaisy/build/libdaisy.a(stm32h7xx_hal_rcc.o)
                0x000000000801069c                HAL_RCC_OscConfig
 .text.HAL_RCC_GetSysClockFreq
                0x0000000008010bb8      0x140 ../libdaisy/build/libdaisy.a(stm32h7xx_hal_rcc.o)
                0x0000000008010bb8                HAL_RCC_GetSysClockFreq
 .text.HAL_RCC_ClockConfig
                0x0000000008010cf8      0x234 ../libdaisy/build/libdaisy.a(stm32h7xx_hal_rcc.o)
                0x0000000008010cf8                HAL_RCC_ClockConfig
 .text.HAL_RCC_GetHCLKFreq
                0x0000000008010f2c       0x2c ../libdaisy/build/libdaisy.a(stm32h7xx_hal_rcc.o)
                0x0000000008010f2c                HAL_RCC_GetHCLKFreq
 .text.HAL_RCC_GetPCLK1Freq
                0x0000000008010f58       0x38 ../libdaisy/build/libdaisy.a(stm32h7xx_hal_rcc.o)
                0x0000000008010f58                HAL_RCC_GetPCLK1Freq
 .text.HAL_RCC_GetPCLK2Freq
                0x0000000008010f90       0x38 ../libdaisy/build/libdaisy.a(stm32h7xx_hal_rcc.o)
                0x0000000008010f90                HAL_RCC_GetPCLK2Freq
 .text.RCCEx_PLL2_Config
                0x0000000008010fc8       0xf4 ../libdaisy/build/libdaisy.a(stm32h7xx_hal_rcc_ex.o)
 .text.RCCEx_PLL3_Config
                0x00000000080110bc       0xf4 ../libdaisy/build/libdaisy.a(stm32h7xx_hal_rcc_ex.o)
 .text.HAL_RCCEx_PeriphCLKConfig
                0x00000000080111b0      0xa7c ../libdaisy/build/libdaisy.a(stm32h7xx_hal_rcc_ex.o)
                0x00000000080111b0                HAL_RCCEx_PeriphCLKConfig
 .text.HAL_RCCEx_GetD3PCLK1Freq
                0x0000000008011c2c       0x24 ../libdaisy/build/libdaisy.a(stm32h7xx_hal_rcc_ex.o)
                0x0000000008011c2c                HAL_RCCEx_GetD3PCLK1Freq
 .text.HAL_RCCEx_GetPLL2ClockFreq
                0x0000000008011c50      0x17c ../libdaisy/build/libdaisy.a(stm32h7xx_hal_rcc_ex.o)
                0x0000000008011c50                HAL_RCCEx_GetPLL2ClockFreq
 .text.HAL_RCCEx_GetPLL3ClockFreq
                0x0000000008011dcc      0x17c ../libdaisy/build/libdaisy.a(stm32h7xx_hal_rcc_ex.o)
                0x0000000008011dcc                HAL_RCCEx_GetPLL3ClockFreq
 .text.HAL_RCCEx_GetPLL1ClockFreq
                0x0000000008011f48      0x17c ../libdaisy/build/libdaisy.a(stm32h7xx_hal_rcc_ex.o)
                0x0000000008011f48                HAL_RCCEx_GetPLL1ClockFreq
 .text.HAL_RCCEx_GetPeriphCLKFreq
                0x00000000080120c4      0x198 ../libdaisy/build/libdaisy.a(stm32h7xx_hal_rcc_ex.o)
                0x00000000080120c4                HAL_RCCEx_GetPeriphCLKFreq
 .text.HAL_RCCEx_GetD1SysClockFreq
                0x000000000801225c       0x2c ../libdaisy/build/libdaisy.a(stm32h7xx_hal_rcc_ex.o)
                0x000000000801225c                HAL_RCCEx_GetD1SysClockFreq
 .text.HAL_SAI_Init.part.0
                0x0000000008012288      0x348 ../libdaisy/build/libdaisy.a(stm32h7xx_hal_sai.o)
 .text.HAL_SAI_InitProtocol
                0x00000000080125d0      0x178 ../libdaisy/build/libdaisy.a(stm32h7xx_hal_sai.o)
                0x00000000080125d0                HAL_SAI_InitProtocol
 .text.HAL_SAI_Transmit_DMA
                0x0000000008012748      0x124 ../libdaisy/build/libdaisy.a(stm32h7xx_hal_sai.o)
                0x0000000008012748                HAL_SAI_Transmit_DMA
 .text.HAL_SAI_Receive_DMA
                0x000000000801286c       0xd0 ../libdaisy/build/libdaisy.a(stm32h7xx_hal_sai.o)
                0x000000000801286c                HAL_SAI_Receive_DMA
 .text.HAL_SAI_TxCpltCallback
                0x000000000801293c        0x4 ../libdaisy/build/libdaisy.a(stm32h7xx_hal_sai.o)
                0x000000000801293c                HAL_SAI_TxCpltCallback
 .text.SAI_DMATxCplt
                0x0000000008012940       0x64 ../libdaisy/build/libdaisy.a(stm32h7xx_hal_sai.o)
 .text.HAL_SAI_TxHalfCpltCallback
                0x00000000080129a4        0x4 ../libdaisy/build/libdaisy.a(stm32h7xx_hal_sai.o)
                0x00000000080129a4                HAL_SAI_TxHalfCpltCallback
 .text.SAI_DMATxHalfCplt
                0x00000000080129a8        0xc ../libdaisy/build/libdaisy.a(stm32h7xx_hal_sai.o)
 .text.SAI_DMARxCplt
                0x00000000080129b4       0x64 ../libdaisy/build/libdaisy.a(stm32h7xx_hal_sai.o)
 .text.SAI_DMARxHalfCplt
                0x0000000008012a18        0xc ../libdaisy/build/libdaisy.a(stm32h7xx_hal_sai.o)
 .text.HAL_SAI_ErrorCallback
                0x0000000008012a24        0x4 ../libdaisy/build/libdaisy.a(stm32h7xx_hal_sai.o)
                0x0000000008012a24                HAL_SAI_ErrorCallback
 .text.SAI_DMAError
                0x0000000008012a28       0x6c ../libdaisy/build/libdaisy.a(stm32h7xx_hal_sai.o)
 .text.HAL_SDRAM_Init
                0x0000000008012a94       0x54 ../libdaisy/build/libdaisy.a(stm32h7xx_hal_sdram.o)
                0x0000000008012a94                HAL_SDRAM_Init
 .text.HAL_SDRAM_SendCommand
                0x0000000008012ae8       0x40 ../libdaisy/build/libdaisy.a(stm32h7xx_hal_sdram.o)
                0x0000000008012ae8                HAL_SDRAM_SendCommand
 .text.HAL_SDRAM_ProgramRefreshRate
                0x0000000008012b28       0x30 ../libdaisy/build/libdaisy.a(stm32h7xx_hal_sdram.o)
                0x0000000008012b28                HAL_SDRAM_ProgramRefreshRate
 .text.SPI_CloseTransfer
                0x0000000008012b58       0xb8 ../libdaisy/build/libdaisy.a(stm32h7xx_hal_spi.o)
 .text.HAL_SPI_Init
                0x0000000008012c10      0x15c ../libdaisy/build/libdaisy.a(stm32h7xx_hal_spi.o)
                0x0000000008012c10                HAL_SPI_Init
 .text.HAL_SPI_Transmit
                0x0000000008012d6c      0x314 ../libdaisy/build/libdaisy.a(stm32h7xx_hal_spi.o)
                0x0000000008012d6c                HAL_SPI_Transmit
 .text.HAL_TIM_Base_Init
                0x0000000008013080      0x140 ../libdaisy/build/libdaisy.a(stm32h7xx_hal_tim.o)
                0x0000000008013080                HAL_TIM_Base_Init
 .text.HAL_TIM_Base_Start
                0x00000000080131c0       0x34 ../libdaisy/build/libdaisy.a(stm32h7xx_hal_tim.o)
                0x00000000080131c0                HAL_TIM_Base_Start
 .text.HAL_TIM_ConfigClockSource
                0x00000000080131f4      0x17c ../libdaisy/build/libdaisy.a(stm32h7xx_hal_tim.o)
                0x00000000080131f4                HAL_TIM_ConfigClockSource
 .text.HAL_TIM_PeriodElapsedCallback
                0x0000000008013370        0x4 ../libdaisy/build/libdaisy.a(stm32h7xx_hal_tim.o)
                0x0000000008013370                HAL_TIM_PeriodElapsedCallback
 .text.HAL_TIM_OC_DelayElapsedCallback
                0x0000000008013374        0x4 ../libdaisy/build/libdaisy.a(stm32h7xx_hal_tim.o)
                0x0000000008013374                HAL_TIM_OC_DelayElapsedCallback
 .text.HAL_TIM_IC_CaptureCallback
                0x0000000008013378        0x4 ../libdaisy/build/libdaisy.a(stm32h7xx_hal_tim.o)
                0x0000000008013378                HAL_TIM_IC_CaptureCallback
 .text.HAL_TIM_PWM_PulseFinishedCallback
                0x000000000801337c        0x4 ../libdaisy/build/libdaisy.a(stm32h7xx_hal_tim.o)
                0x000000000801337c                HAL_TIM_PWM_PulseFinishedCallback
 .text.HAL_TIM_TriggerCallback
                0x0000000008013380        0x4 ../libdaisy/build/libdaisy.a(stm32h7xx_hal_tim.o)
                0x0000000008013380                HAL_TIM_TriggerCallback
 .text.HAL_TIM_IRQHandler
                0x0000000008013384      0x170 ../libdaisy/build/libdaisy.a(stm32h7xx_hal_tim.o)
                0x0000000008013384                HAL_TIM_IRQHandler
 .text.HAL_TIMEx_MasterConfigSynchronization
                0x00000000080134f4       0x64 ../libdaisy/build/libdaisy.a(stm32h7xx_hal_tim_ex.o)
                0x00000000080134f4                HAL_TIMEx_MasterConfigSynchronization
 .text.HAL_TIMEx_CommutCallback
                0x0000000008013558        0x4 ../libdaisy/build/libdaisy.a(stm32h7xx_hal_tim_ex.o)
                0x0000000008013558                HAL_TIMEx_CommutCallback
 .text.HAL_TIMEx_BreakCallback
                0x000000000801355c        0x4 ../libdaisy/build/libdaisy.a(stm32h7xx_hal_tim_ex.o)
                0x000000000801355c                HAL_TIMEx_BreakCallback
 .text.HAL_TIMEx_Break2Callback
                0x0000000008013560        0x4 ../libdaisy/build/libdaisy.a(stm32h7xx_hal_tim_ex.o)
                0x0000000008013560                HAL_TIMEx_Break2Callback
 .text.HAL_UART_Receive_DMA
                0x0000000008013564       0xac ../libdaisy/build/libdaisy.a(stm32h7xx_hal_uart.o)
                0x0000000008013564                HAL_UART_Receive_DMA
 .text.HAL_UART_TxCpltCallback
                0x0000000008013610        0x4 ../libdaisy/build/libdaisy.a(stm32h7xx_hal_uart.o)
                0x0000000008013610                HAL_UART_TxCpltCallback
 .text.UART_DMAReceiveCplt
                0x0000000008013614       0x38 ../libdaisy/build/libdaisy.a(stm32h7xx_hal_uart.o)
 .text.HAL_UART_RxHalfCpltCallback
                0x000000000801364c        0x4 ../libdaisy/build/libdaisy.a(stm32h7xx_hal_uart.o)
                0x000000000801364c                HAL_UART_RxHalfCpltCallback
 .text.UART_DMARxHalfCplt
                0x0000000008013650        0xc ../libdaisy/build/libdaisy.a(stm32h7xx_hal_uart.o)
 .text.UART_DMAError
                0x000000000801365c       0x78 ../libdaisy/build/libdaisy.a(stm32h7xx_hal_uart.o)
 .text.HAL_UART_IRQHandler
                0x00000000080136d4      0x1d0 ../libdaisy/build/libdaisy.a(stm32h7xx_hal_uart.o)
                0x00000000080136d4                HAL_UART_IRQHandler
 .text.UART_DMAAbortOnError
                0x00000000080138a4       0x14 ../libdaisy/build/libdaisy.a(stm32h7xx_hal_uart.o)
 .text.UART_SetConfig
                0x00000000080138b8     0x14b8 ../libdaisy/build/libdaisy.a(stm32h7xx_hal_uart.o)
                0x00000000080138b8                UART_SetConfig
 .text.UART_AdvFeatureConfig
                0x0000000008014d70       0xb0 ../libdaisy/build/libdaisy.a(stm32h7xx_hal_uart.o)
                0x0000000008014d70                UART_AdvFeatureConfig
 .text.UART_CheckIdleState
                0x0000000008014e20       0x84 ../libdaisy/build/libdaisy.a(stm32h7xx_hal_uart.o)
                0x0000000008014e20                UART_CheckIdleState
 .text.HAL_UART_Init
                0x0000000008014ea4       0x68 ../libdaisy/build/libdaisy.a(stm32h7xx_hal_uart.o)
                0x0000000008014ea4                HAL_UART_Init
 .text.HAL_UARTEx_WakeupCallback
                0x0000000008014f0c        0x4 ../libdaisy/build/libdaisy.a(stm32h7xx_hal_uart_ex.o)
                0x0000000008014f0c                HAL_UARTEx_WakeupCallback
 .text.HAL_UARTEx_RxFifoFullCallback
                0x0000000008014f10        0x4 ../libdaisy/build/libdaisy.a(stm32h7xx_hal_uart_ex.o)
                0x0000000008014f10                HAL_UARTEx_RxFifoFullCallback
 .text.HAL_UARTEx_TxFifoEmptyCallback
                0x0000000008014f14        0x4 ../libdaisy/build/libdaisy.a(stm32h7xx_hal_uart_ex.o)
                0x0000000008014f14                HAL_UARTEx_TxFifoEmptyCallback
 .text.HAL_UARTEx_DisableFifoMode
                0x0000000008014f18       0x3c ../libdaisy/build/libdaisy.a(stm32h7xx_hal_uart_ex.o)
                0x0000000008014f18                HAL_UARTEx_DisableFifoMode
 .text.HAL_UARTEx_SetTxFifoThreshold
                0x0000000008014f54       0x9c ../libdaisy/build/libdaisy.a(stm32h7xx_hal_uart_ex.o)
                0x0000000008014f54                HAL_UARTEx_SetTxFifoThreshold
 .text.HAL_UARTEx_SetRxFifoThreshold
                0x0000000008014ff0       0x9c ../libdaisy/build/libdaisy.a(stm32h7xx_hal_uart_ex.o)
                0x0000000008014ff0                HAL_UARTEx_SetRxFifoThreshold
 .text.FMC_SDRAM_Init
                0x000000000801508c       0x7c ../libdaisy/build/libdaisy.a(stm32h7xx_ll_fmc.o)
                0x000000000801508c                FMC_SDRAM_Init
 .text.FMC_SDRAM_Timing_Init
                0x0000000008015108       0x98 ../libdaisy/build/libdaisy.a(stm32h7xx_ll_fmc.o)
                0x0000000008015108                FMC_SDRAM_Timing_Init
 .text.FMC_SDRAM_SendCommand
                0x00000000080151a0       0x28 ../libdaisy/build/libdaisy.a(stm32h7xx_ll_fmc.o)
                0x00000000080151a0                FMC_SDRAM_SendCommand
 .text.FMC_SDRAM_ProgramRefreshRate
                0x00000000080151c8       0x1c ../libdaisy/build/libdaisy.a(stm32h7xx_ll_fmc.o)
                0x00000000080151c8                FMC_SDRAM_ProgramRefreshRate
 .text.dsy_i2c_global_init
                0x00000000080151e4       0x38 ../libdaisy/build/libdaisy.a(i2c.o)
                0x00000000080151e4                dsy_i2c_global_init
 .text.DMA1_Stream6_IRQHandler
                0x000000000801521c       0x24 ../libdaisy/build/libdaisy.a(i2c.o)
                0x000000000801521c                DMA1_Stream6_IRQHandler
 .text.I2C1_EV_IRQHandler
                0x0000000008015240        0xc ../libdaisy/build/libdaisy.a(i2c.o)
                0x0000000008015240                I2C1_EV_IRQHandler
 .text.I2C2_EV_IRQHandler
                0x000000000801524c        0xc ../libdaisy/build/libdaisy.a(i2c.o)
                0x000000000801524c                I2C2_EV_IRQHandler
 .text.I2C3_EV_IRQHandler
                0x0000000008015258        0xc ../libdaisy/build/libdaisy.a(i2c.o)
                0x0000000008015258                I2C3_EV_IRQHandler
 .text.HAL_TIM_Base_MspInit
                0x0000000008015264       0xcc ../libdaisy/build/libdaisy.a(tim.o)
                0x0000000008015264                HAL_TIM_Base_MspInit
 .text._ZN5daisy11TimerHandle4InitERKNS0_6ConfigE
                0x0000000008015330       0xc4 ../libdaisy/build/libdaisy.a(tim.o)
                0x0000000008015330                daisy::TimerHandle::Init(daisy::TimerHandle::Config const&)
 .text._ZN5daisy11TimerHandle5StartEv
                0x00000000080153f4       0x14 ../libdaisy/build/libdaisy.a(tim.o)
                0x00000000080153f4                daisy::TimerHandle::Start()
 .text.dsy_dma_init
                0x0000000008015408       0xd0 ../libdaisy/build/libdaisy.a(dma.o)
                0x0000000008015408                dsy_dma_init
 .text.HAL_I2C_EV_IRQHandler
                0x00000000080154d8       0x10 ../libdaisy/build/libdaisy.a(stm32h7xx_hal_i2c.o)
                0x00000000080154d8                HAL_I2C_EV_IRQHandler
 .text.HAL_MDMA_Abort_IT
                0x00000000080154e8       0x2c ../libdaisy/build/libdaisy.a(stm32h7xx_hal_mdma.o)
                0x00000000080154e8                HAL_MDMA_Abort_IT
 .text._ZN7daisysp4Adsr4InitEf
                0x0000000008015514       0x3c ../DaisySP/build/libdaisysp.a(adsr.o)
                0x0000000008015514                daisysp::Adsr::Init(float)
 .text._ZN7daisysp4Adsr7ProcessEb
                0x0000000008015550      0x1b4 ../DaisySP/build/libdaisysp.a(adsr.o)
                0x0000000008015550                daisysp::Adsr::Process(bool)
 .text._ZN7daisysp6Phaser4InitEf
                0x0000000008015704       0xec ../DaisySP/build/libdaisysp.a(phaser.o)
                0x0000000008015704                daisysp::Phaser::Init(float)
 .text._ZN7daisysp6Phaser7ProcessEf
                0x00000000080157f0      0x134 ../DaisySP/build/libdaisysp.a(phaser.o)
                0x00000000080157f0                daisysp::Phaser::Process(float)
 .text._ZN7daisysp6Phaser11SetLfoDepthEf
                0x0000000008015924       0x64 ../DaisySP/build/libdaisysp.a(phaser.o)
                0x0000000008015924                daisysp::Phaser::SetLfoDepth(float)
 .text._ZN7daisysp6Phaser10SetLfoFreqEf
                0x0000000008015988      0x1d4 ../DaisySP/build/libdaisysp.a(phaser.o)
                0x0000000008015988                daisysp::Phaser::SetLfoFreq(float)
 .text._ZN7daisysp6Phaser7SetFreqEf
                0x0000000008015b5c       0x68 ../DaisySP/build/libdaisysp.a(phaser.o)
                0x0000000008015b5c                daisysp::Phaser::SetFreq(float)
 .text._ZN7daisysp6Phaser11SetFeedbackEf
                0x0000000008015bc4       0x64 ../DaisySP/build/libdaisysp.a(phaser.o)
                0x0000000008015bc4                daisysp::Phaser::SetFeedback(float)
 .text._ZN7daisysp10MoogLadder4InitEf
                0x0000000008015c28       0x38 ../DaisySP/build/libdaisysp.a(moogladder.o)
                0x0000000008015c28                daisysp::MoogLadder::Init(float)
 .text._ZN7daisysp10MoogLadder7ProcessEf
                0x0000000008015c60      0x424 ../DaisySP/build/libdaisysp.a(moogladder.o)
                0x0000000008015c60                daisysp::MoogLadder::Process(float)
 .text.__aeabi_atexit
                0x0000000008016084        0xa /usr/local/Caskroom/gcc-arm-embedded/10-2020-q4-major/gcc-arm-none-eabi-10-2020-q4-major/bin/../lib/gcc/arm-none-eabi/10.2.1/../../../../arm-none-eabi/lib/thumb/v7e-m+dp/hard/libstdc++_nano.a(atexit_arm.o)
                0x0000000008016084                __aeabi_atexit
 .text._ZNK10__cxxabiv117__class_type_info11__do_upcastEPKS0_PPv
                0x000000000801608e       0x32 /usr/local/Caskroom/gcc-arm-embedded/10-2020-q4-major/gcc-arm-none-eabi-10-2020-q4-major/bin/../lib/gcc/arm-none-eabi/10.2.1/../../../../arm-none-eabi/lib/thumb/v7e-m+dp/hard/libstdc++_nano.a(class_type_info.o)
                0x000000000801608e                __cxxabiv1::__class_type_info::__do_upcast(__cxxabiv1::__class_type_info const*, void**) const
 .text._ZNK10__cxxabiv117__class_type_info20__do_find_public_srcEiPKvPKS0_S2_
                0x00000000080160c0        0xc /usr/local/Caskroom/gcc-arm-embedded/10-2020-q4-major/gcc-arm-none-eabi-10-2020-q4-major/bin/../lib/gcc/arm-none-eabi/10.2.1/../../../../arm-none-eabi/lib/thumb/v7e-m+dp/hard/libstdc++_nano.a(class_type_info.o)
                0x00000000080160c0                __cxxabiv1::__class_type_info::__do_find_public_src(int, void const*, __cxxabiv1::__class_type_info const*, void const*) const
 .text._ZN10__cxxabiv117__class_type_infoD2Ev
                0x00000000080160cc       0x14 /usr/local/Caskroom/gcc-arm-embedded/10-2020-q4-major/gcc-arm-none-eabi-10-2020-q4-major/bin/../lib/gcc/arm-none-eabi/10.2.1/../../../../arm-none-eabi/lib/thumb/v7e-m+dp/hard/libstdc++_nano.a(class_type_info.o)
                0x00000000080160cc                __cxxabiv1::__class_type_info::~__class_type_info()
                0x00000000080160cc                __cxxabiv1::__class_type_info::~__class_type_info()
 .text._ZN10__cxxabiv117__class_type_infoD0Ev
                0x00000000080160e0       0x14 /usr/local/Caskroom/gcc-arm-embedded/10-2020-q4-major/gcc-arm-none-eabi-10-2020-q4-major/bin/../lib/gcc/arm-none-eabi/10.2.1/../../../../arm-none-eabi/lib/thumb/v7e-m+dp/hard/libstdc++_nano.a(class_type_info.o)
                0x00000000080160e0                __cxxabiv1::__class_type_info::~__class_type_info()
 .text._ZNK10__cxxabiv117__class_type_info12__do_dyncastEiNS0_10__sub_kindEPKS0_PKvS3_S5_RNS0_16__dyncast_resultE
                0x00000000080160f4       0x3e /usr/local/Caskroom/gcc-arm-embedded/10-2020-q4-major/gcc-arm-none-eabi-10-2020-q4-major/bin/../lib/gcc/arm-none-eabi/10.2.1/../../../../arm-none-eabi/lib/thumb/v7e-m+dp/hard/libstdc++_nano.a(class_type_info.o)
                0x00000000080160f4                __cxxabiv1::__class_type_info::__do_dyncast(int, __cxxabiv1::__class_type_info::__sub_kind, __cxxabiv1::__class_type_info const*, void const*, __cxxabiv1::__class_type_info const*, void const*, __cxxabiv1::__class_type_info::__dyncast_result&) const
 .text._ZNK10__cxxabiv117__class_type_info11__do_upcastEPKS0_PKvRNS0_15__upcast_resultE
                0x0000000008016132       0x18 /usr/local/Caskroom/gcc-arm-embedded/10-2020-q4-major/gcc-arm-none-eabi-10-2020-q4-major/bin/../lib/gcc/arm-none-eabi/10.2.1/../../../../arm-none-eabi/lib/thumb/v7e-m+dp/hard/libstdc++_nano.a(class_type_info.o)
                0x0000000008016132                __cxxabiv1::__class_type_info::__do_upcast(__cxxabiv1::__class_type_info const*, void const*, __cxxabiv1::__class_type_info::__upcast_result&) const
 .text._ZNK10__cxxabiv117__class_type_info10__do_catchEPKSt9type_infoPPvj
                0x000000000801614a       0x2a /usr/local/Caskroom/gcc-arm-embedded/10-2020-q4-major/gcc-arm-none-eabi-10-2020-q4-major/bin/../lib/gcc/arm-none-eabi/10.2.1/../../../../arm-none-eabi/lib/thumb/v7e-m+dp/hard/libstdc++_nano.a(class_type_info.o)
                0x000000000801614a                __cxxabiv1::__class_type_info::__do_catch(std::type_info const*, void**, unsigned int) const
 .text._ZdlPvj  0x0000000008016174        0x4 /usr/local/Caskroom/gcc-arm-embedded/10-2020-q4-major/gcc-arm-none-eabi-10-2020-q4-major/bin/../lib/gcc/arm-none-eabi/10.2.1/../../../../arm-none-eabi/lib/thumb/v7e-m+dp/hard/libstdc++_nano.a(del_ops.o)
                0x0000000008016174                operator delete(void*, unsigned int)
 .text.__dynamic_cast
                0x0000000008016178       0xb2 /usr/local/Caskroom/gcc-arm-embedded/10-2020-q4-major/gcc-arm-none-eabi-10-2020-q4-major/bin/../lib/gcc/arm-none-eabi/10.2.1/../../../../arm-none-eabi/lib/thumb/v7e-m+dp/hard/libstdc++_nano.a(dyncast.o)
                0x0000000008016178                __dynamic_cast
 .text._Znwj    0x000000000801622a       0x22 /usr/local/Caskroom/gcc-arm-embedded/10-2020-q4-major/gcc-arm-none-eabi-10-2020-q4-major/bin/../lib/gcc/arm-none-eabi/10.2.1/../../../../arm-none-eabi/lib/thumb/v7e-m+dp/hard/libstdc++_nano.a(new_op.o)
                0x000000000801622a                operator new(unsigned int)
 .text.__cxa_pure_virtual
                0x000000000801624c        0x6 /usr/local/Caskroom/gcc-arm-embedded/10-2020-q4-major/gcc-arm-none-eabi-10-2020-q4-major/bin/../lib/gcc/arm-none-eabi/10.2.1/../../../../arm-none-eabi/lib/thumb/v7e-m+dp/hard/libstdc++_nano.a(pure.o)
                0x000000000801624c                __cxa_pure_virtual
 *fill*         0x0000000008016252        0x2 
 .text._ZN10__cxxabiv120__si_class_type_infoD2Ev
                0x0000000008016254       0x14 /usr/local/Caskroom/gcc-arm-embedded/10-2020-q4-major/gcc-arm-none-eabi-10-2020-q4-major/bin/../lib/gcc/arm-none-eabi/10.2.1/../../../../arm-none-eabi/lib/thumb/v7e-m+dp/hard/libstdc++_nano.a(si_class_type_info.o)
                0x0000000008016254                __cxxabiv1::__si_class_type_info::~__si_class_type_info()
                0x0000000008016254                __cxxabiv1::__si_class_type_info::~__si_class_type_info()
 .text._ZN10__cxxabiv120__si_class_type_infoD0Ev
                0x0000000008016268       0x14 /usr/local/Caskroom/gcc-arm-embedded/10-2020-q4-major/gcc-arm-none-eabi-10-2020-q4-major/bin/../lib/gcc/arm-none-eabi/10.2.1/../../../../arm-none-eabi/lib/thumb/v7e-m+dp/hard/libstdc++_nano.a(si_class_type_info.o)
                0x0000000008016268                __cxxabiv1::__si_class_type_info::~__si_class_type_info()
 .text._ZNK10__cxxabiv120__si_class_type_info20__do_find_public_srcEiPKvPKNS_17__class_type_infoES2_
                0x000000000801627c       0x38 /usr/local/Caskroom/gcc-arm-embedded/10-2020-q4-major/gcc-arm-none-eabi-10-2020-q4-major/bin/../lib/gcc/arm-none-eabi/10.2.1/../../../../arm-none-eabi/lib/thumb/v7e-m+dp/hard/libstdc++_nano.a(si_class_type_info.o)
                0x000000000801627c                __cxxabiv1::__si_class_type_info::__do_find_public_src(int, void const*, __cxxabiv1::__class_type_info const*, void const*) const
 .text._ZNK10__cxxabiv120__si_class_type_info12__do_dyncastEiNS_17__class_type_info10__sub_kindEPKS1_PKvS4_S6_RNS1_16__dyncast_resultE
                0x00000000080162b4       0x74 /usr/local/Caskroom/gcc-arm-embedded/10-2020-q4-major/gcc-arm-none-eabi-10-2020-q4-major/bin/../lib/gcc/arm-none-eabi/10.2.1/../../../../arm-none-eabi/lib/thumb/v7e-m+dp/hard/libstdc++_nano.a(si_class_type_info.o)
                0x00000000080162b4                __cxxabiv1::__si_class_type_info::__do_dyncast(int, __cxxabiv1::__class_type_info::__sub_kind, __cxxabiv1::__class_type_info const*, void const*, __cxxabiv1::__class_type_info const*, void const*, __cxxabiv1::__class_type_info::__dyncast_result&) const
 .text._ZNK10__cxxabiv120__si_class_type_info11__do_upcastEPKNS_17__class_type_infoEPKvRNS1_15__upcast_resultE
                0x0000000008016328       0x2a /usr/local/Caskroom/gcc-arm-embedded/10-2020-q4-major/gcc-arm-none-eabi-10-2020-q4-major/bin/../lib/gcc/arm-none-eabi/10.2.1/../../../../arm-none-eabi/lib/thumb/v7e-m+dp/hard/libstdc++_nano.a(si_class_type_info.o)
                0x0000000008016328                __cxxabiv1::__si_class_type_info::__do_upcast(__cxxabiv1::__class_type_info const*, void const*, __cxxabiv1::__class_type_info::__upcast_result&) const
 .text._ZNSt9type_infoD2Ev